Archive member included because of file (symbol)

libee.a(ee_hal_structs.o)     obj/code.o (EE_IRQ_nesting_level)
libee.a(ee_utils.o)           obj/code.o (EE_system_init)
libee.a(ee_gnu_change_context_isr.o)
                              obj/code.o (EE_switch_context)
libee.a(ee_alcancel.o)        obj/code.o (EE_alarm_CancelAlarm)
libee.a(ee_altick.o)          obj/code.o (EE_alarm_CounterTick)
libee.a(ee_alsetrel.o)        obj/code.o (EE_alarm_SetRelAlarm)
libee.a(ee_irqsc.o)           libee.a(ee_gnu_change_context_isr.o) (EE_IRQ_end_instance)
libee.a(ee_rqexchg.o)         libee.a(ee_irqsc.o) (EE_rq2stk_exchange)
libee.a(ee_rqinsert.o)        libee.a(ee_altick.o) (EE_rq_insert)
libee.a(ee_thact.o)           obj/code.o (EE_fp_ActivateTask)
libee.a(ee_context.o)         libee.a(ee_gnu_change_context_isr.o) (EE_cortex_mx_change_context)
libee.a(ee_context.o)         libee.a(ee_context.o) (EE_std_run_task_code)
libee.a(ee_thendin.o)         libee.a(ee_context.o) (EE_thread_end_instance)
libstm32f4discovery.a(stm32f4_discovery.o)
                              obj/code.o (STM_EVAL_LEDInit)
libstm32f4discovery.a(stm32f4_discovery_lcd.o)
                              obj/WidgetConfig.o (Font16x24)
libstm32f4discovery.a(stm32f4_discovery_sdio_sd.o)
                              obj/diskio.o (SD_Init)
libstm32f4xxspd.a(stm32f4xx_dac.o)
                              obj/DAC_Conf.o (DAC_Init)
libstm32f4xxspd.a(stm32f4xx_dma.o)
                              obj/DMA_Conf.o (DMA_DeInit)
libstm32f4xxspd.a(stm32f4xx_exti.o)
                              libstm32f4discovery.a(stm32f4_discovery.o) (EXTI_Init)
libstm32f4xxspd.a(stm32f4xx_fsmc.o)
                              libstm32f4discovery.a(stm32f4_discovery_lcd.o) (FSMC_NORSRAMDeInit)
libstm32f4xxspd.a(stm32f4xx_gpio.o)
                              obj/GPIO_Conf.o (GPIO_Init)
libstm32f4xxspd.a(stm32f4xx_i2c.o)
                              obj/STMPE811QTR.o (I2C_Init)
libstm32f4xxspd.a(stm32f4xx_rcc.o)
                              obj/STMPE811QTR.o (RCC_PLLI2SCmd)
libstm32f4xxspd.a(stm32f4xx_sdio.o)
                              libstm32f4discovery.a(stm32f4_discovery.o) (SDIO_DeInit)
libstm32f4xxspd.a(stm32f4xx_syscfg.o)
                              libstm32f4discovery.a(stm32f4_discovery.o) (SYSCFG_EXTILineConfig)
libstm32f4xxspd.a(stm32f4xx_tim.o)
                              obj/Timer_Conf.o (TIM_TimeBaseInit)
libstm32f4xxspd.a(stm32f4xx_usart.o)
                              libstm32f4discovery.a(stm32f4_discovery.o) (USART_Init)
libstm32f4xxspd.a(misc.o)     obj/diskio.o (NVIC_PriorityGroupConfig)
c:/gnu/arm/bin/../lib/gcc/arm-none-eabi/4.9.3/armv7e-m\libgcc.a(_arm_addsubdf3.o)
                              libstm32f4discovery.a(stm32f4_discovery_lcd.o) (__aeabi_ui2d)
c:/gnu/arm/bin/../lib/gcc/arm-none-eabi/4.9.3/armv7e-m\libgcc.a(_arm_muldivdf3.o)
                              obj/Touch.o (__aeabi_ddiv)
c:/gnu/arm/bin/../lib/gcc/arm-none-eabi/4.9.3/armv7e-m\libgcc.a(_arm_cmpdf2.o)
                              libstm32f4discovery.a(stm32f4_discovery_lcd.o) (__aeabi_dcmplt)
c:/gnu/arm/bin/../lib/gcc/arm-none-eabi/4.9.3/armv7e-m\libgcc.a(_arm_fixdfsi.o)
                              obj/Touch.o (__aeabi_d2iz)
c:/gnu/arm/bin/../lib/gcc/arm-none-eabi/4.9.3/armv7e-m\libgcc.a(_arm_addsubsf3.o)
                              obj/Touch.o (__aeabi_fsub)
c:/gnu/arm/bin/../lib/gcc/arm-none-eabi/4.9.3/armv7e-m\libgcc.a(_arm_muldivsf3.o)
                              obj/Touch.o (__aeabi_fmul)
c:/gnu/arm/bin/../lib/gcc/arm-none-eabi/4.9.3/armv7e-m\libgcc.a(_arm_fixsfsi.o)
                              obj/Touch.o (__aeabi_f2iz)
c:/gnu/arm/bin/../lib/gcc/arm-none-eabi/4.9.3/armv7e-m\libgcc.a(_arm_fixunssfsi.o)
                              obj/Touch.o (__aeabi_f2uiz)
C:\gnu\ARM\arm-none-eabi\lib\thumb\libc.a(lib_a-exit.o)
                              c:/gnu/arm/bin/../lib/gcc/arm-none-eabi/4.9.3/../../../../arm-none-eabi/lib/armv7e-m/crt0.o (exit)
C:\gnu\ARM\arm-none-eabi\lib\thumb\libc.a(lib_a-impure.o)
                              C:\gnu\ARM\arm-none-eabi\lib\thumb\libc.a(lib_a-exit.o) (_global_impure_ptr)
C:\gnu\ARM\arm-none-eabi\lib\thumb\libc.a(lib_a-init.o)
                              c:/gnu/arm/bin/../lib/gcc/arm-none-eabi/4.9.3/../../../../arm-none-eabi/lib/armv7e-m/crt0.o (__libc_init_array)
C:\gnu\ARM\arm-none-eabi\lib\thumb\libc.a(lib_a-malloc.o)
                              obj/FileManagement.o (malloc)
C:\gnu\ARM\arm-none-eabi\lib\thumb\libc.a(lib_a-mallocr.o)
                              C:\gnu\ARM\arm-none-eabi\lib\thumb\libc.a(lib_a-malloc.o) (_malloc_r)
C:\gnu\ARM\arm-none-eabi\lib\thumb\libc.a(lib_a-memcpy.o)
                              obj/FileManagement.o (memcpy)
C:\gnu\ARM\arm-none-eabi\lib\thumb\libc.a(lib_a-memset.o)
                              c:/gnu/arm/bin/../lib/gcc/arm-none-eabi/4.9.3/../../../../arm-none-eabi/lib/armv7e-m/crt0.o (memset)
C:\gnu\ARM\arm-none-eabi\lib\thumb\libc.a(lib_a-mlock.o)
[...]
Memory Configuration

Name             Origin             Length             Attributes
FLASH            0x08000000         0x00100000         xr
RAM              0x20000000         0x00020000         xrw
CCM              0x10000000         0x00010000         xrw
MEMORY_B1        0x60000000         0x00000000         xr
*default*        0x00000000         0xffffffff

Linker script and memory map

LOAD c:/gnu/arm/bin/../lib/gcc/arm-none-eabi/4.9.3/armv7e-m/crti.o
LOAD c:/gnu/arm/bin/../lib/gcc/arm-none-eabi/4.9.3/armv7e-m/crtbegin.o
LOAD c:/gnu/arm/bin/../lib/gcc/arm-none-eabi/4.9.3/../../../../arm-none-eabi/lib/armv7e-m/crt0.o
LOAD obj/DAC_Conf.o
LOAD obj/DMA_Conf.o
LOAD obj/Event.o
LOAD obj/FSMAudioPlayer.o
LOAD obj/FileManagement.o
LOAD obj/GPIO_Conf.o
LOAD obj/SD_CardController.o
LOAD obj/STMPE811QTR.o
LOAD obj/Timer_Conf.o
LOAD obj/Touch.o
LOAD obj/Widget.o
LOAD obj/WidgetConfig.o
LOAD obj/WigetsView.o
LOAD obj/code.o
LOAD obj/diskio.o
LOAD obj/eecfg.o
LOAD obj/ff.o
LOAD obj/pictures.o
LOAD obj/pkg/mcu/st_stm32_stm32f4xx/src/startup_stm32f4xx_gnu.o
LOAD obj/pkg/mcu/st_stm32_stm32f4xx/src/system_stm32f4xx.o
LOAD obj/uart_print_red.o
LOAD obj/waveplayer2.o
LOAD libee.a
LOAD libstm32f4discovery.a
LOAD libstm32f4xxspd.a
START GROUP
LOAD c:/gnu/arm/bin/../lib/gcc/arm-none-eabi/4.9.3/armv7e-m\libgcc.a
LOAD C:\gnu\ARM\arm-none-eabi\lib\thumb\libc.a
LOAD C:\gnu\ARM\arm-none-eabi\lib\thumb\libm.a
LOAD C:\gnu\ARM\arm-none-eabi\lib\thumb\libnosys.a
END GROUP

.text           0x08000000    0x71e98
 *(.isr_vector)
 .isr_vector    0x08000000      0x188 obj/pkg/mcu/st_stm32_stm32f4xx/src/startup_stm32f4xx_gnu.o
                0x08000000                __isr_vector
 *(.text*)
 .text          0x08000188        0x0 c:/gnu/arm/bin/../lib/gcc/arm-none-eabi/4.9.3/armv7e-m/crti.o
 .text          0x08000188       0x5c c:/gnu/arm/bin/../lib/gcc/arm-none-eabi/4.9.3/armv7e-m/crtbegin.o
 .text          0x080001e4       0x74 c:/gnu/arm/bin/../lib/gcc/arm-none-eabi/4.9.3/../../../../arm-none-eabi/lib/armv7e-m/crt0.o
                0x080001e4                _start
                0x080001e4                _mainCRTStartup
 .text          0x08000258       0xa8 obj/DAC_Conf.o
                0x08000258                init_dac_Ch1
                0x0800028c                init_dac_Ch2
                0x080002c0                dac_Ch1_start
                0x080002d0                dac_Ch1_stop
                0x080002e0                dac_Ch2_start
                0x080002f0                dac_Ch2_stop
 .text          0x08000300       0x90 obj/DMA_Conf.o
                0x08000300                init_dma
 .text          0x08000390        0x0 obj/Event.o
 .text          0x08000390      0x714 obj/FSMAudioPlayer.o
                0x080003c4                DecodeEvents
                0x08000420                PlayerFSMInit
                0x08000444                FolderFSMInit
                0x0800046c                IsRoot
                0x080004b0                FSMTran
                0x080004cc                FSMSubTran
                0x080004e8                FSMFolder
                0x08000a84                FSMPlayer
 .text          0x08000aa4      0x788 obj/FileManagement.o
                0x08000aa4                SetUpCurrentHeadTail
                0x08000acc                CreateListHeadTail
                0x08000b14                AddListHeadTail
                0x08000b6c                create_list
                0x08000c04                DeleteList
                0x08000cb4                create_Slist
                0x08000d14                add_to_list
                0x08000dec                search_in_list
                0x08000e34                Create_Sublist
                0x08000e88                PrintFolder
                0x0800104c                MarkFolder
                0x08001140                UnMarkFolder
 .text          0x0800122c       0x38 obj/GPIO_Conf.o
                0x0800122c                init_gpio
 .text          0x08001264      0x6c4 obj/SD_CardController.o
                0x08001298                DelaySD
                0x080012dc                ReadingLoop
                0x0800136c                GetPath
                0x08001380                FolderEmpty
                0x080013dc                mount_SDCard
                0x08001418                OpenFolder
                0x080014a0                ListFolderSDCard
                0x08001568                SDCardNextFolder
                0x08001584                SDCardBackFolder
                0x0800159c                SDCardBackFolderEmpty
                0x080015b0                ListSDCardCont
                0x08001670                OpenFile
                0x0800170c                ReadFile
                0x0800180c                OpenWavFile
 .text          0x08001928      0xe4c obj/STMPE811QTR.o
                0x08001928                IOE_Config
                0x08001968                IOE_ITConfig
                0x080019ac                IOE_TS_GetState
                0x08001a80                IOE_GetGITStatus
                0x08001ac0                IOE_ClearGITPending
                0x08001ae8                IOE_GetIOITStatus
                0x08001b24                IOE_IsOperational
                0x08001b60                IOE_Reset
                0x08001b94                IOE_ReadID
                0x08001bd4                IOE_FnctCmd
                0x08001c30                IOE_IOPinConfig
                0x08001c8c                IOE_GITCmd
                0x08001cdc                IOE_GITConfig
                0x08001d38                IOE_IOITConfig
                0x08001d94                IOE_TS_Config
                0x08001e94                IOE_IOAFConfig
                0x08001ef0                IOE_IOEdgeConfig
                0x08001f8c                IOE_ITOutConfig
                0x08001fd8                I2C_WriteDeviceRegister
                0x08002148                I2C_ReadDeviceRegister
                0x08002310                I2C_ReadDataBuffer
                0x080024ec                IOE_TS_Read_X
                0x08002538                IOE_TS_Read_Y
 .text          0x08002774       0x74 obj/Timer_Conf.o
                0x08002774                init_timer_Setup
                0x080027c0                init_timer_Start
                0x080027d4                init_timer_Stop
 .text          0x080027e8      0x5d8 obj/Touch.o
                0x080027e8                delay
                0x0800281c                Draw_Calibration_Mark
                0x08002864                Lcd_Touch_Calibration
                0x08002b14                GetTouch_TC_Async
                0x08002b84                GetTouch_TC_Sync
                0x08002bf4                GetTouch_SC_Async
                0x08002cbc                GetTouch_SC_Sync
                0x08002d84                InitTouch
 .text          0x08002dc0      0x32c obj/Widget.o
                0x08002dc0                contains
                0x08002e20                OnTouch
                0x08002e90                DrawInit
                0x08002ed0                DrawInitWGdef
                0x08002f1c                DrawOn
                0x08002f84                DrawDelete
                0x08002fec                DrawOff
                0x08003054                WPrint
                0x080030a0                myWPrint
 .text          0x080030ec        0x0 obj/WidgetConfig.o
 .text          0x080030ec       0x1c obj/WigetsView.o
                0x080030ec                PlayerStartWidgets
 .text          0x08003108      0x484 obj/code.o
                0x0800313c                systick_handler
                0x080031e8                ISR2_systick_handler
                0x080031f4                SDIO_IRQHandler
                0x08003210                ISR1_SDIO_IRQHandler
                0x0800321c                SD_SDIO_DMA_IRQHandler
                0x08003238                ISR1_SD_SDIO_DMA_IRQHANDLER
                0x08003244                SetupImagePlay
                0x08003274                StartSDCard
                0x080032f8                FuncTaskLCD
                0x08003334                FuncTaskPlayBack
                0x08003464                FuncTaskTestOk
                0x080034e8                main
 .text          0x0800358c      0x184 obj/diskio.o
                0x0800358c                disk_initialize
                0x080035d8                disk_status
                0x080035fc                disk_read
                0x08003650                disk_write
                0x080036a4                get_fattime
                0x080036b8                disk_ioctl
 .text          0x08003710       0x34 obj/eecfg.o
 .text          0x08003744     0x4904 obj/ff.o
                0x08003a70                clust2sect
                0x08003ab0                get_fat
                0x08003c1c                put_fat
                0x08005374                f_mount
                0x080053fc                f_open
                0x08005688                f_read
                0x08005918                f_write
                0x08005c10                f_sync
                0x08005d68                f_close
                0x08005da0                f_chdir
                0x08005e38                f_getcwd
                0x08006014                f_lseek
                0x0800644c                f_opendir
                0x08006508                f_closedir
                0x08006530                f_readdir
                0x080065b8                f_findnext
                0x0800660c                f_findfirst
                0x08006648                f_stat
                0x080066c0                f_getfree
                0x08006848                f_truncate
                0x08006998                f_unlink
                0x08006b1c                f_mkdir
                0x08006d7c                f_chmod
                0x08006e44                f_rename
                0x08007018                f_utime
                0x080070e8                f_mkfs
                0x08007a48                f_gets
                0x08007b38                f_putc
                0x08007ba0                f_puts
                0x08007c18                f_printf
 .text          0x08008048        0x0 obj/pictures.o
 .text          0x08008048        0x0 obj/pkg/mcu/st_stm32_stm32f4xx/src/startup_stm32f4xx_gnu.o
 .text.EE_cortex_mx_default_reset_ISR
                0x08008048       0x40 obj/pkg/mcu/st_stm32_stm32f4xx/src/startup_stm32f4xx_gnu.o
                0x08008048                EE_cortex_mx_default_reset_ISR
 .text.EE_cortex_mx_default_ISR
                0x08008088        0x4 obj/pkg/mcu/st_stm32_stm32f4xx/src/startup_stm32f4xx_gnu.o
                0x08008088                EE_CORTEX_MX_DMA1_STREAM4_ISR
                0x08008088                EE_CORTEX_MX_USART6_ISR
                0x08008088                EE_CORTEX_MX_DMA1_STREAM6_ISR
                0x08008088                EE_CORTEX_MX_CRYP_ISR
                0x08008088                EE_CORTEX_MX_DMA1_STREAM5_ISR
                0x08008088                EE_CORTEX_MX_BUS_FAULT_ISR
                0x08008088                EE_CORTEX_MX_PVD_ISR
                0x08008088                EE_CORTEX_MX_SPI2_ISR
                0x08008088                EE_CORTEX_MX_CAN1_RX1_ISR
                0x08008088                EE_CORTEX_MX_DMA2_STREAM5_ISR
                0x08008088                EE_CORTEX_MX_TIM6_DAC_ISR
                0x08008088                EE_CORTEX_MX_I2C2_EV_ISR
                0x08008088                EE_CORTEX_MX_TIM1_UP_TIM10_ISR
                0x08008088                EE_CORTEX_MX_CAN1_RX0_ISR
                0x08008088                EE_CORTEX_MX_USART1_ISR
                0x08008088                EE_CORTEX_MX_TIM8_CC_ISR
                0x08008088                EE_CORTEX_MX_RTC_Alarm_ISR
                0x08008088                EE_CORTEX_MX_EXTI2_ISR
                0x08008088                EE_CORTEX_MX_OTG_HS_ISR
                0x08008088                EE_CORTEX_MX_DCMI_ISR
                0x08008088                EE_CORTEX_MX_DMA2_STREAM0_ISR
                0x08008088                EE_CORTEX_MX_SPI1_ISR
                0x08008088                EE_cortex_mx_default_ISR
                0x08008088                EE_CORTEX_MX_ETH_WKUP_ISR
                0x08008088                EE_CORTEX_MX_TIM8_TRG_COM_TIM14_ISR
                0x08008088                EE_CORTEX_MX_USAGE_FAULT_ISR
                0x08008088                EE_CORTEX_MX_TIM7_ISR
                0x08008088                EE_CORTEX_MX_TIM2_ISR
                0x08008088                EE_CORTEX_MX_I2C1_EV_ISR
                0x08008088                EE_CORTEX_MX_TIM1_TRG_COM_TIM11_ISR
                0x08008088                EE_CORTEX_MX_UART5_ISR
                0x08008088                EE_CORTEX_MX_UART4_ISR
                0x08008088                EE_CORTEX_MX_NMI_ISR
                0x08008088                EE_CORTEX_MX_TIM3_ISR
                0x08008088                EE_CORTEX_MX_USART3_ISR
                0x08008088                EE_CORTEX_MX_DMA2_STREAM4_ISR
                0x08008088                EE_CORTEX_MX_EXTI4_ISR
                0x08008088                EE_CORTEX_MX_ADC_ISR
                0x08008088                EE_CORTEX_MX_OTG_HS_EP1_IN_ISR
                0x08008088                EE_CORTEX_MX_DMA2_STREAM1_ISR
                0x08008088                EE_CORTEX_MX_CAN1_TX_ISR
                0x08008088                EE_CORTEX_MX_USART2_ISR
                0x08008088                EE_CORTEX_MX_I2C2_ER_ISR
                0x08008088                EE_CORTEX_MX_I2C3_EV_ISR
                0x08008088                EE_CORTEX_MX_HARD_FAULT_ISR
                0x08008088                EE_CORTEX_MX_DMA1_STREAM3_ISR
                0x08008088                EE_CORTEX_MX_OTG_HS_EP1_OUT_ISR
                0x08008088                EE_CORTEX_MX_TIM8_BRK_TIM12_ISR
                0x08008088                EE_CORTEX_MX_CAN1_SCE_ISR
                0x08008088                EE_CORTEX_MX_DMA1_STREAM1_ISR
                0x08008088                EE_CORTEX_MX_TIM4_ISR
                0x08008088                EE_CORTEX_MX_ETH_ISR
                0x08008088                EE_CORTEX_MX_OTG_FS_ISR
                0x08008088                EE_CORTEX_MX_CAN2_RX0_ISR
                0x08008088                EE_CORTEX_MX_CAN2_SCE_ISR
                0x08008088                EE_CORTEX_MX_FPU_ISR
                0x08008088                EE_CORTEX_MX_RTC_WKUP_ISR
                0x08008088                EE_CORTEX_MX_TIM8_UP_TIM13_ISR
                0x08008088                EE_CORTEX_MX_OTG_FS_WKUP_ISR
                0x08008088                EE_CORTEX_MX_DMA1_STREAM2_ISR
                0x08008088                EE_CORTEX_MX_EXTI9_5_ISR
                0x08008088                EE_CORTEX_MX_EXTI3_ISR
                0x08008088                EE_CORTEX_MX_EXTI0_ISR
                0x08008088                EE_CORTEX_MX_I2C1_ER_ISR
                0x08008088                EE_CORTEX_MX_FLASH_ISR
                0x08008088                EE_CORTEX_MX_OTG_HS_WKUP_ISR
                0x08008088                EE_CORTEX_MX_TIM1_BRK_TIM9_ISR
                0x08008088                EE_CORTEX_MX_I2C3_ER_ISR
                0x08008088                EE_CORTEX_MX_TIM1_CC_ISR
                0x08008088                EE_CORTEX_MX_SPI3_ISR
                0x08008088                EE_CORTEX_MX_EXTI15_10_ISR
                0x08008088                EE_CORTEX_MX_CAN2_TX_ISR
                0x08008088                EE_CORTEX_MX_RCC_ISR
                0x08008088                EE_CORTEX_MX_FSMC_ISR
                0x08008088                EE_CORTEX_MX_DMA2_STREAM2_ISR
                0x08008088                EE_CORTEX_MX_DMA2_STREAM7_ISR
                0x08008088                EE_CORTEX_MX_EXTI1_ISR
                0x08008088                EE_CORTEX_MX_DEBUG_MONITOR_ISR
                0x08008088                EE_CORTEX_MX_WWDG_ISR
                0x08008088                EE_CORTEX_MX_MPU_FAULT_ISR
                0x08008088                EE_CORTEX_MX_HASH_RNG_ISR
                0x08008088                EE_CORTEX_MX_DMA2_STREAM6_ISR
                0x08008088                EE_CORTEX_MX_TIM5_ISR
                0x08008088                EE_CORTEX_MX_DMA1_STREAM0_ISR
                0x08008088                EE_CORTEX_MX_TAMP_STAMP_ISR
                0x08008088                EE_CORTEX_MX_CAN2_RX1_ISR
                0x08008088                EE_CORTEX_MX_DMA1_Stream7_ISR
 .text._exit    0x0800808c        0x6 obj/pkg/mcu/st_stm32_stm32f4xx/src/startup_stm32f4xx_gnu.o
                0x0800808c                _exit
 *fill*         0x08008092        0x2 
 .text          0x08008094      0x244 obj/pkg/mcu/st_stm32_stm32f4xx/src/system_stm32f4xx.o
                0x08008094                SystemInit
                0x080080ec                SystemCoreClockUpdate
 .text          0x080082d8       0x88 obj/uart_print_red.o
                0x080082d8                _write
                0x08008328                uart_init
 .text          0x08008360      0x68c obj/waveplayer2.o
                0x08008360                WavePlayBack
                0x08008434                WavePlayInit
                0x0800851c                WavePlayerInit
                0x08008540                AudioPlayerStart
                0x08008554                WaveParsing
                0x080088d4                MyReadUnit
                0x0800894c                Codec_DMA_DAC_TransferComplete_CallBack
                0x08008960                Codec_DMA_DAC__HalfTransfer_CallBack
                0x0800899c                Codec_DMA_DAC_Error_CallBack
                0x080089a8                UpdatePointers
 .text          0x080089ec       0x34 libee.a(ee_hal_structs.o)
 .text          0x08008a20       0xc0 libee.a(ee_utils.o)
                0x08008a54                EE_system_init
 .text          0x08008ae0       0x8c libee.a(ee_gnu_change_context_isr.o)
                0x08008ae0                EE_set_switch_context_pri
                0x08008af6                EE_switch_context
                0x08008afe                EE_cortex_mx_pendsv_ISR
                0x08008b32                EE_cortex_mx_svc_ISR
 .text          0x08008b6c      0x174 libee.a(ee_alcancel.o)
                0x08008ba0                EE_alarm_CancelAlarm
 .text          0x08008ce0      0x2a4 libee.a(ee_altick.o)
                0x08008d14                EE_alarm_insert
                0x08008e48                EE_alarm_CounterTick
 .text          0x08008f84       0x7c libee.a(ee_alsetrel.o)
                0x08008fb8                EE_alarm_SetRelAlarm
 .text          0x08009000       0xa0 libee.a(ee_irqsc.o)
                0x08009034                EE_IRQ_end_instance
 .text          0x080090a0       0x78 libee.a(ee_rqexchg.o)
                0x080090d4                EE_rq2stk_exchange
 .text          0x08009118       0xb4 libee.a(ee_rqinsert.o)
                0x0800914c                EE_rq_insert
 .text          0x080091cc       0xe4 libee.a(ee_thact.o)
                0x08009200                EE_fp_ActivateTask
 .text          0x080092b0       0x50 libee.a(ee_context.o)
                0x080092e4                EE_cortex_mx_change_context
 .text          0x08009300       0x70 libee.a(ee_context.o)
                0x08009334                EE_std_run_task_code
 .text          0x08009370       0xfc libee.a(ee_thendin.o)
                0x080093a4                EE_thread_end_instance
 .text          0x0800946c      0x580 libstm32f4discovery.a(stm32f4_discovery.o)
                0x0800946c                STM_EVAL_LEDInit
                0x080094c8                STM_EVAL_LEDOn
                0x080094f8                STM_EVAL_LEDOff
                0x08009528                STM_EVAL_LEDToggle
                0x08009564                STM_EVAL_PBInit
                0x080095f8                STM_EVAL_PBGetState
                0x08009624                STM_EVAL_COMInit
                0x08009740                SD_LowLevel_DeInit
                0x080097e0                SD_LowLevel_Init
                0x080098ac                SD_LowLevel_DMA_TxConfig
                0x0800994c                SD_LowLevel_DMA_RxConfig
 .text          0x080099ec     0x1c80 libstm32f4discovery.a(stm32f4_discovery_lcd.o)
                0x080099ec                LCD_DeInit
                0x08009c2c                LCD_CtrlLinesConfig
                0x08009da4                LCD_FSMCConfig
                0x08009e24                STM32f4_Discovery_LCD_Init
                0x08009f94                LCD_SetCursor
                0x08009fc0                LCD_WriteReg
                0x08009ff0                LCD_ReadReg
                0x0800a01c                LCD_WriteRAM_Prepare
                0x0800a030                LCD_WriteRAM
                0x0800a050                LCD_ReadRAM
                0x0800a068                LCD_RGB_Test
                0x0800a0d0                LCD_SetColors
                0x0800a104                LCD_GetColors
                0x0800a134                LCD_SetTextColor
                0x0800a154                LCD_SetBackColor
                0x0800a174                LCD_DisplayOff
                0x0800a180                LCD_DisplayOn
                0x0800a18c                LCD_SetFont
                0x0800a1a8                LCD_GetFont
                0x0800a1c0                LCD_ClearLine
                0x0800a1fc                LCD_Clear
                0x0800a23c                LCD_DrawPicture
                0x0800a350                LCD_DrawChar
                0x0800a454                LCD_DrawCharXY
                0x0800a58c                LCD_DisplayChar
                0x0800a5d4                LCD_DisplayCharXY
                0x0800a624                LCD_DisplayStringXY
                0x0800a678                LCD_DisplayStringLine
                0x0800a6cc                LCD_SetDisplayWindow
                0x0800a754                LCD_WindowModeDisable
                0x0800a760                LCD_DrawLine
                0x0800a7fc                LCD_DrawRect
                0x0800a880                LCD_DrawFilledCircle
                0x0800a8f4                LCD_DrawCircle
                0x0800aac0                LCD_DrawMonoPict
                0x0800ab44                LCD_WriteBMP
                0x0800abe4                LCD_DrawFilledRect
                0x0800ac78                LCD_DrawFullRect
                0x0800ad4c                LCD_DrawFullCircle
                0x0800ae8c                LCD_DrawUniLine
                0x0800b008                LCD_PolyLine
                0x0800b104                LCD_ClosedPolyLine
                0x0800b158                LCD_PolyLineRelative
                0x0800b178                LCD_ClosedPolyLineRelative
                0x0800b198                LCD_FillPolyLine
 .text          0x0800b66c     0x22a0 libstm32f4discovery.a(stm32f4_discovery_sdio_sd.o)
                0x0800b66c                SD_DeInit
                0x0800b678                SD_Init
                0x0800b72c                SD_GetStatus
                0x0800b75c                SD_GetState
                0x0800b79c                SD_Detect
                0x0800b7cc                SD_PowerON
                0x0800b9f8                SD_PowerOFF
                0x0800ba14                SD_InitializeCards
                0x0800bba0                SD_GetCardInfo
                0x0800c110                SD_GetCardStatus
                0x0800c244                SD_EnableWideBusOperation
                0x0800c31c                SD_SelectDeselect
                0x0800c368                SD_ReadBlock
                0x0800c488                SD_ReadMultiBlocks
                0x0800c5b4                SD_WaitReadOperation
                0x0800c66c                SD_WriteBlock
                0x0800c78c                SD_WriteMultiBlocks
                0x0800c934                SD_WaitWriteOperation
                0x0800c9ec                SD_GetTransferState
                0x0800ca10                SD_StopTransfer
                0x0800ca58                SD_Erase
                0x0800cc00                SD_SendStatus
                0x0800cc78                SD_SendSDStatus
                0x0800ce84                SD_ProcessIRQSrc
                0x0800cf4c                SD_ProcessDMAIRQ
                0x0800d8dc                convert_from_bytes_to_power_of_two
 .text          0x0800d90c      0x42c libstm32f4xxspd.a(stm32f4xx_dac.o)
                0x0800d90c                DAC_DeInit
                0x0800d928                DAC_Init
                0x0800d98c                DAC_StructInit
                0x0800d9b8                DAC_Cmd
                0x0800da00                DAC_SoftwareTriggerCmd
                0x0800da4c                DAC_DualSoftwareTriggerCmd
                0x0800da84                DAC_WaveGenerationCmd
                0x0800dad0                DAC_SetChannel1Data
                0x0800db04                DAC_SetChannel2Data
                0x0800db38                DAC_SetDualChannelData
                0x0800db90                DAC_GetDataOutputValue
                0x0800dbc4                DAC_DMACmd
                0x0800dc10                DAC_ITConfig
                0x0800dc5c                DAC_GetFlagStatus
                0x0800dc98                DAC_ClearFlag
                0x0800dcbc                DAC_GetITStatus
                0x0800dd14                DAC_ClearITPendingBit
 .text          0x0800dd38      0x70c libstm32f4xxspd.a(stm32f4xx_dma.o)
                0x0800dd38                DMA_DeInit
                0x0800dedc                DMA_Init
                0x0800df88                DMA_StructInit
                0x0800dff4                DMA_Cmd
                0x0800e02c                DMA_PeriphIncOffsetSizeConfig
                0x0800e060                DMA_FlowControllerConfig
                0x0800e094                DMA_SetCurrDataCounter
                0x0800e0b0                DMA_GetCurrDataCounter
                0x0800e0cc                DMA_DoubleBufferModeConfig
                0x0800e108                DMA_DoubleBufferModeCmd
                0x0800e140                DMA_MemoryTargetConfig
                0x0800e16c                DMA_GetCurrentMemoryTarget
                0x0800e19c                DMA_GetCmdStatus
                0x0800e1cc                DMA_GetFIFOStatus
                0x0800e1f0                DMA_GetFlagStatus
                0x0800e268                DMA_ClearFlag
                0x0800e2c4                DMA_ITConfig
                0x0800e338                DMA_GetITStatus
                0x0800e3e8                DMA_ClearITPendingBit
 .text          0x0800e444      0x21c libstm32f4xxspd.a(stm32f4xx_exti.o)
                0x0800e444                EXTI_DeInit
                0x0800e478                EXTI_Init
                0x0800e55c                EXTI_StructInit
                0x0800e588                EXTI_GenerateSWInterrupt
                0x0800e5ac                EXTI_GetFlagStatus
                0x0800e5e0                EXTI_ClearFlag
                0x0800e5fc                EXTI_GetITStatus
                0x0800e644                EXTI_ClearITPendingBit
 .text          0x0800e660      0x94c libstm32f4xxspd.a(stm32f4xx_fsmc.o)
                0x0800e660                FSMC_NORSRAMDeInit
                0x0800e6b8                FSMC_NORSRAMInit
                0x0800e7ec                FSMC_NORSRAMStructInit
                0x0800e8c0                FSMC_NORSRAMCmd
                0x0800e914                FSMC_NANDDeInit
                0x0800e970                FSMC_NANDInit
                0x0800ea3c                FSMC_NANDStructInit
                0x0800eab8                FSMC_NANDCmd
                0x0800eb24                FSMC_NANDECCCmd
                0x0800eb90                FSMC_GetECC
                0x0800ebc8                FSMC_PCCARDDeInit
                0x0800ebfc                FSMC_PCCARDInit
                0x0800eca8                FSMC_PCCARDStructInit
                0x0800ed2c                FSMC_PCCARDCmd
                0x0800ed68                FSMC_ITConfig
                0x0800ee08                FSMC_GetFlagStatus
                0x0800ee6c                FSMC_ClearFlag
                0x0800eec8                FSMC_GetITStatus
                0x0800ef48                FSMC_ClearITPendingBit
 .text          0x0800efac      0x48c libstm32f4xxspd.a(stm32f4xx_gpio.o)
                0x0800efac                GPIO_DeInit
                0x0800f0cc                GPIO_Init
                0x0800f1e8                GPIO_StructInit
                0x0800f21c                GPIO_PinLockConfig
                0x0800f260                GPIO_ReadInputDataBit
                0x0800f294                GPIO_ReadInputData
                0x0800f2b0                GPIO_ReadOutputDataBit
                0x0800f2e4                GPIO_ReadOutputData
                0x0800f300                GPIO_SetBits
                0x0800f31c                GPIO_ResetBits
                0x0800f338                GPIO_WriteBit
                0x0800f368                GPIO_Write
                0x0800f384                GPIO_ToggleBits
                0x0800f3a8                GPIO_PinAFConfig
 .text          0x0800f438      0x988 libstm32f4xxspd.a(stm32f4xx_i2c.o)
                0x0800f438                I2C_DeInit
                0x0800f4ac                I2C_Init
                0x0800f630                I2C_StructInit
                0x0800f66c                I2C_Cmd
                0x0800f6ac                I2C_GenerateSTART
                0x0800f6ec                I2C_GenerateSTOP
                0x0800f72c                I2C_Send7bitAddress
                0x0800f768                I2C_AcknowledgeConfig
                0x0800f7a8                I2C_OwnAddress2Config
                0x0800f7e8                I2C_DualAddressCmd
                0x0800f828                I2C_GeneralCallCmd
                0x0800f868                I2C_SoftwareResetCmd
                0x0800f8ac                I2C_StretchClockCmd
                0x0800f8ec                I2C_FastModeDutyCycleConfig
                0x0800f92c                I2C_NACKPositionConfig
                0x0800f96c                I2C_SMBusAlertConfig
                0x0800f9ac                I2C_ARPCmd
                0x0800f9ec                I2C_SendData
                0x0800fa0c                I2C_ReceiveData
                0x0800fa28                I2C_TransmitPEC
                0x0800fa68                I2C_PECPositionConfig
                0x0800faa8                I2C_CalculatePEC
                0x0800fae8                I2C_GetPEC
                0x0800fb08                I2C_DMACmd
                0x0800fb48                I2C_DMALastTransferCmd
                0x0800fb88                I2C_ReadRegister
                0x0800fbb8                I2C_ITConfig
                0x0800fc00                I2C_CheckEvent
                0x0800fc60                I2C_GetLastEvent
                0x0800fca4                I2C_GetFlagStatus
                0x0800fd0c                I2C_ClearFlag
                0x0800fd38                I2C_GetITStatus
                0x0800fd94                I2C_ClearITPendingBit
 .text          0x0800fdc0      0xa80 libstm32f4xxspd.a(stm32f4xx_rcc.o)
                0x0800fdc0                RCC_DeInit
                0x0800fe10                RCC_HSEConfig
                0x0800fe34                RCC_WaitForHSEStartUp
                0x0800fe84                RCC_AdjustHSICalibrationValue
                0x0800fec0                RCC_HSICmd
                0x0800fee0                RCC_LSEConfig
                0x0800ff20                RCC_LSICmd
                0x0800ff40                RCC_PLLConfig
                0x0800ff7c                RCC_PLLCmd
                0x0800ff9c                RCC_PLLI2SConfig
                0x0800ffc4                RCC_PLLI2SCmd
                0x0800ffe4                RCC_ClockSecuritySystemCmd
                0x08010004                RCC_MCO1Config
                0x08010040                RCC_MCO2Config
                0x0801007c                RCC_SYSCLKConfig
                0x080100b4                RCC_GetSYSCLKSource
                0x080100d4                RCC_HCLKConfig
                0x0801010c                RCC_PCLK1Config
                0x08010144                RCC_PCLK2Config
                0x0801017c                RCC_GetClocksFreq
                0x080102d0                RCC_RTCCLKConfig
                0x0801032c                RCC_RTCCLKCmd
                0x0801034c                RCC_BackupResetCmd
                0x0801036c                RCC_I2SCLKConfig
                0x08010388                RCC_AHB1PeriphClockCmd
                0x080103c4                RCC_AHB2PeriphClockCmd
                0x08010400                RCC_AHB3PeriphClockCmd
                0x0801043c                RCC_APB1PeriphClockCmd
                0x08010478                RCC_APB2PeriphClockCmd
                0x080104b4                RCC_AHB1PeriphResetCmd
                0x080104f0                RCC_AHB2PeriphResetCmd
                0x0801052c                RCC_AHB3PeriphResetCmd
                0x08010568                RCC_APB1PeriphResetCmd
                0x080105a4                RCC_APB2PeriphResetCmd
                0x080105e0                RCC_AHB1PeriphClockLPModeCmd
                0x0801061c                RCC_AHB2PeriphClockLPModeCmd
                0x08010658                RCC_AHB3PeriphClockLPModeCmd
                0x08010694                RCC_APB1PeriphClockLPModeCmd
                0x080106d0                RCC_APB2PeriphClockLPModeCmd
                0x0801070c                RCC_ITConfig
                0x08010758                RCC_GetFlagStatus
                0x080107cc                RCC_ClearFlag
                0x080107e8                RCC_GetITStatus
                0x08010820                RCC_ClearITPendingBit
 .text          0x08010840      0x4d0 libstm32f4xxspd.a(stm32f4xx_sdio.o)
                0x08010840                SDIO_DeInit
                0x0801085c                SDIO_Init
                0x080108b8                SDIO_StructInit
                0x080108f0                SDIO_ClockCmd
                0x08010910                SDIO_SetPowerState
                0x0801092c                SDIO_GetPowerState
                0x08010948                SDIO_SendCommand
                0x080109a0                SDIO_CmdStructInit
                0x080109d0                SDIO_GetCommandResponse
                0x080109e8                SDIO_GetResponse
                0x08010a10                SDIO_DataConfig
                0x08010a6c                SDIO_DataStructInit
                0x08010aa4                SDIO_GetDataCounter
                0x08010abc                SDIO_ReadData
                0x08010ad4                SDIO_WriteData
                0x08010af4                SDIO_GetFIFOCount
                0x08010b0c                SDIO_StartSDIOReadWait
                0x08010b2c                SDIO_StopSDIOReadWait
                0x08010b4c                SDIO_SetSDIOReadWaitMode
                0x08010b68                SDIO_SetSDIOOperation
                0x08010b88                SDIO_SendSDIOSuspendCmd
                0x08010ba8                SDIO_CommandCompletionCmd
                0x08010bc8                SDIO_CEATAITCmd
                0x08010bf4                SDIO_SendCEATACmd
                0x08010c14                SDIO_DMACmd
                0x08010c34                SDIO_ITConfig
                0x08010c70                SDIO_GetFlagStatus
                0x08010ca4                SDIO_ClearFlag
                0x08010cc0                SDIO_GetITStatus
                0x08010cf4                SDIO_ClearITPendingBit
 .text          0x08010d10      0x130 libstm32f4xxspd.a(stm32f4xx_syscfg.o)
                0x08010d10                SYSCFG_DeInit
                0x08010d2c                SYSCFG_MemoryRemapConfig
                0x08010d4c                SYSCFG_EXTILineConfig
                0x08010dd0                SYSCFG_ETH_MediaInterfaceConfig
                0x08010dec                SYSCFG_CompensationCellCmd
                0x08010e0c                SYSCFG_GetCompensationCellStatus
 .text          0x08010e40     0x1bf0 libstm32f4xxspd.a(stm32f4xx_tim.o)
                0x08010e40                TIM_DeInit
                0x08010ffc                TIM_TimeBaseInit
                0x080110d0                TIM_TimeBaseStructInit
                0x08011104                TIM_PrescalerConfig
                0x0801112c                TIM_CounterModeConfig
                0x08011164                TIM_SetCounter
                0x08011180                TIM_SetAutoreload
                0x0801119c                TIM_GetCounter
                0x080111b4                TIM_GetPrescaler
                0x080111d0                TIM_UpdateDisableConfig
                0x08011210                TIM_UpdateRequestConfig
                0x08011250                TIM_ARRPreloadConfig
                0x08011290                TIM_SelectOnePulseMode
                0x080112c8                TIM_SetClockDivision
                0x08011300                TIM_Cmd
                0x08011340                TIM_OC1Init
                0x08011434                TIM_OC2Init
                0x08011544                TIM_OC3Init
                0x08011650                TIM_OC4Init
                0x0801171c                TIM_OCStructInit
                0x08011760                TIM_SelectOCxM
                0x08011810                TIM_SetCompare1
                0x0801182c                TIM_SetCompare2
                0x08011848                TIM_SetCompare3
                0x08011864                TIM_SetCompare4
                0x08011880                TIM_ForcedOC1Config
                0x080118b8                TIM_ForcedOC2Config
                0x080118f4                TIM_ForcedOC3Config
                0x0801192c                TIM_ForcedOC4Config
                0x08011968                TIM_OC1PreloadConfig
                0x080119a0                TIM_OC2PreloadConfig
                0x080119dc                TIM_OC3PreloadConfig
                0x08011a14                TIM_OC4PreloadConfig
                0x08011a50                TIM_OC1FastConfig
                0x08011a88                TIM_OC2FastConfig
                0x08011ac4                TIM_OC3FastConfig
                0x08011afc                TIM_OC4FastConfig
                0x08011b38                TIM_ClearOC1Ref
                0x08011b70                TIM_ClearOC2Ref
                0x08011bac                TIM_ClearOC3Ref
                0x08011be4                TIM_ClearOC4Ref
                0x08011c20                TIM_OC1PolarityConfig
                0x08011c58                TIM_OC1NPolarityConfig
                0x08011c90                TIM_OC2PolarityConfig
                0x08011ccc                TIM_OC2NPolarityConfig
                0x08011d08                TIM_OC3PolarityConfig
                0x08011d44                TIM_OC3NPolarityConfig
                0x08011d80                TIM_OC4PolarityConfig
                0x08011dbc                TIM_CCxCmd
                0x08011e10                TIM_CCxNCmd
                0x08011e64                TIM_ICInit
                0x08011f0c                TIM_ICStructInit
                0x08011f3c                TIM_PWMIConfig
                0x08011ff4                TIM_GetCapture1
                0x0801200c                TIM_GetCapture2
                0x08012024                TIM_GetCapture3
                0x0801203c                TIM_GetCapture4
                0x08012054                TIM_SetIC1Prescaler
                0x0801208c                TIM_SetIC2Prescaler
                0x080120c8                TIM_SetIC3Prescaler
                0x08012100                TIM_SetIC4Prescaler
                0x0801213c                TIM_BDTRConfig
                0x0801218c                TIM_BDTRStructInit
                0x080121c8                TIM_CtrlPWMOutputs
                0x08012214                TIM_SelectCOM
                0x08012254                TIM_CCPreloadControl
                0x08012294                TIM_ITConfig
                0x080122dc                TIM_GenerateEvent
                0x080122f8                TIM_GetFlagStatus
                0x08012330                TIM_ClearFlag
                0x08012350                TIM_GetITStatus
                0x080123a4                TIM_ClearITPendingBit
                0x080123c4                TIM_DMAConfig
                0x080123ec                TIM_DMACmd
                0x08012434                TIM_SelectCCDMA
                0x08012474                TIM_InternalClockConfig
                0x08012498                TIM_ITRxExternalClockConfig
                0x080124c4                TIM_TIxExternalClockConfig
                0x08012524                TIM_ETRClockMode1Config
                0x08012580                TIM_ETRClockMode2Config
                0x080125bc                TIM_SelectInputTrigger
                0x080125f4                TIM_SelectOutputTrigger
                0x0801262c                TIM_SelectSlaveMode
                0x08012664                TIM_SelectMasterSlaveMode
                0x0801269c                TIM_ETRConfig
                0x080126f0                TIM_EncoderInterfaceConfig
                0x08012788                TIM_SelectHallSensor
                0x080127c8                TIM_RemapConfig
 .text          0x08012a30      0x920 libstm32f4xxspd.a(stm32f4xx_usart.o)
                0x08012a30                USART_DeInit
                0x08012b00                USART_Init
                0x08012c78                USART_StructInit
                0x08012cb0                USART_ClockInit
                0x08012d04                USART_ClockStructInit
                0x08012d30                USART_Cmd
                0x08012d70                USART_SetPrescaler
                0x08012da8                USART_OverSampling8Cmd
                0x08012dec                USART_OneBitMethodCmd
                0x08012e2c                USART_SendData
                0x08012e50                USART_ReceiveData
                0x08012e70                USART_SetAddress
                0x08012ea8                USART_ReceiverWakeUpCmd
                0x08012ee8                USART_WakeUpConfig
                0x08012f20                USART_LINBreakDetectLengthConfig
                0x08012f58                USART_LINCmd
                0x08012f98                USART_SendBreak
                0x08012fbc                USART_HalfDuplexCmd
                0x08012ffc                USART_SetGuardTime
                0x08013038                USART_SmartCardCmd
                0x08013078                USART_SmartCardNACKCmd
                0x080130b8                USART_IrDAConfig
                0x080130f0                USART_IrDACmd
                0x08013130                USART_DMACmd
                0x08013178                USART_ITConfig
                0x08013208                USART_GetFlagStatus
                0x08013240                USART_ClearFlag
                0x08013260                USART_GetITStatus
                0x08013318                USART_ClearITPendingBit
 .text          0x08013350      0x188 libstm32f4xxspd.a(misc.o)
                0x08013350                NVIC_PriorityGroupConfig
                0x08013374                NVIC_Init
                0x08013434                NVIC_SetVectorTable
                0x08013460                NVIC_SystemLPConfig
                0x080134a0                SysTick_CLKSourceConfig
 .text          0x080134d8      0x370 c:/gnu/arm/bin/../lib/gcc/arm-none-eabi/4.9.3/armv7e-m\libgcc.a(_arm_addsubdf3.o)
                0x080134d8                __aeabi_drsub
                0x080134e0                __aeabi_dsub
                0x080134e0                __subdf3
                0x080134e4                __aeabi_dadd
                0x080134e4                __adddf3
                0x0801375c                __floatunsidf
                0x0801375c                __aeabi_ui2d
                0x0801377c                __floatsidf
                0x0801377c                __aeabi_i2d
                0x080137a0                __aeabi_f2d
                0x080137a0                __extendsfdf2
                0x080137dc                __floatundidf
                0x080137dc                __aeabi_ul2d
                0x080137ec                __floatdidf
                0x080137ec                __aeabi_l2d
 .text          0x08013848      0x424 c:/gnu/arm/bin/../lib/gcc/arm-none-eabi/4.9.3/armv7e-m\libgcc.a(_arm_muldivdf3.o)
                0x08013848                __aeabi_dmul
                0x08013848                __muldf3
                0x08013a9c                __divdf3
                0x08013a9c                __aeabi_ddiv
 .text          0x08013c6c      0x110 c:/gnu/arm/bin/../lib/gcc/arm-none-eabi/4.9.3/armv7e-m\libgcc.a(_arm_cmpdf2.o)
                0x08013c6c                __gtdf2
                0x08013c6c                __gedf2
                0x08013c74                __ltdf2
                0x08013c74                __ledf2
                0x08013c7c                __nedf2
                0x08013c7c                __eqdf2
                0x08013c7c                __cmpdf2
                0x08013cf8                __aeabi_cdrcmple
                0x08013d08                __aeabi_cdcmpeq
                0x08013d08                __aeabi_cdcmple
                0x08013d18                __aeabi_dcmpeq
                0x08013d2c                __aeabi_dcmplt
                0x08013d40                __aeabi_dcmple
                0x08013d54                __aeabi_dcmpge
                0x08013d68                __aeabi_dcmpgt
 .text          0x08013d7c       0x50 c:/gnu/arm/bin/../lib/gcc/arm-none-eabi/4.9.3/armv7e-m\libgcc.a(_arm_fixdfsi.o)
                0x08013d7c                __aeabi_d2iz
                0x08013d7c                __fixdfsi
 .text          0x08013dcc      0x21c c:/gnu/arm/bin/../lib/gcc/arm-none-eabi/4.9.3/armv7e-m\libgcc.a(_arm_addsubsf3.o)
                0x08013dcc                __aeabi_frsub
                0x08013dd4                __subsf3
                0x08013dd4                __aeabi_fsub
                0x08013dd8                __aeabi_fadd
                0x08013dd8                __addsf3
                0x08013f38                __aeabi_ui2f
                0x08013f38                __floatunsisf
                0x08013f40                __aeabi_i2f
                0x08013f40                __floatsisf
                0x08013f5c                __aeabi_ul2f
                0x08013f5c                __floatundisf
                0x08013f6c                __aeabi_l2f
                0x08013f6c                __floatdisf
 .text          0x08013fe8      0x2a0 c:/gnu/arm/bin/../lib/gcc/arm-none-eabi/4.9.3/armv7e-m\libgcc.a(_arm_muldivsf3.o)
                0x08013fe8                __mulsf3
                0x08013fe8                __aeabi_fmul
                0x08014150                __aeabi_fdiv
                0x08014150                __divsf3
 .text          0x08014288       0x4c c:/gnu/arm/bin/../lib/gcc/arm-none-eabi/4.9.3/armv7e-m\libgcc.a(_arm_fixsfsi.o)
                0x08014288                __aeabi_f2iz
                0x08014288                __fixsfsi
 .text          0x080142d4       0x40 c:/gnu/arm/bin/../lib/gcc/arm-none-eabi/4.9.3/armv7e-m\libgcc.a(_arm_fixunssfsi.o)
                0x080142d4                __fixunssfsi
                0x080142d4                __aeabi_f2uiz
 .text          0x08014314        0x0 C:\gnu\ARM\arm-none-eabi\lib\thumb\libc.a(lib_a-exit.o)
 .text.exit     0x08014314       0x28 C:\gnu\ARM\arm-none-eabi\lib\thumb\libc.a(lib_a-exit.o)
                0x08014314                exit
 .text          0x0801433c        0x0 C:\gnu\ARM\arm-none-eabi\lib\thumb\libc.a(lib_a-impure.o)
 .text          0x0801433c        0x0 C:\gnu\ARM\arm-none-eabi\lib\thumb\libc.a(lib_a-init.o)
 .text.__libc_init_array
                0x0801433c       0x58 C:\gnu\ARM\arm-none-eabi\lib\thumb\libc.a(lib_a-init.o)
                0x0801433c                __libc_init_array
 .text          0x08014394        0x0 C:\gnu\ARM\arm-none-eabi\lib\thumb\libc.a(lib_a-malloc.o)
 .text.malloc   0x08014394       0x18 C:\gnu\ARM\arm-none-eabi\lib\thumb\libc.a(lib_a-malloc.o)
                0x08014394                malloc
 .text.free     0x080143ac       0x18 C:\gnu\ARM\arm-none-eabi\lib\thumb\libc.a(lib_a-malloc.o)
                0x080143ac                free
 .text          0x080143c4        0x0 C:\gnu\ARM\arm-none-eabi\lib\thumb\libc.a(lib_a-mallocr.o)
 .text._malloc_r
                0x080143c4      0x54c C:\gnu\ARM\arm-none-eabi\lib\thumb\libc.a(lib_a-mallocr.o)
                0x080143c4                _malloc_r
 .text          0x08014910        0x0 C:\gnu\ARM\arm-none-eabi\lib\thumb\libc.a(lib_a-memcpy.o)
 .text.memcpy   0x08014910       0x80 C:\gnu\ARM\arm-none-eabi\lib\thumb\libc.a(lib_a-memcpy.o)
                0x08014910                memcpy
 .text          0x08014990        0x0 C:\gnu\ARM\arm-none-eabi\lib\thumb\libc.a(lib_a-memset.o)
 .text.memset   0x08014990       0x94 C:\gnu\ARM\arm-none-eabi\lib\thumb\libc.a(lib_a-memset.o)
                0x08014990                memset
 .text          0x08014a24        0x0 C:\gnu\ARM\arm-none-eabi\lib\thumb\libc.a(lib_a-mlock.o)
 .text.__malloc_lock
                0x08014a24        0x4 C:\gnu\ARM\arm-none-eabi\lib\thumb\libc.a(lib_a-mlock.o)
                0x08014a24                __malloc_lock
 .text.__malloc_unlock
                0x08014a28        0x4 C:\gnu\ARM\arm-none-eabi\lib\thumb\libc.a(lib_a-mlock.o)
                0x08014a28                __malloc_unlock
 .text          0x08014a2c        0x0 C:\gnu\ARM\arm-none-eabi\lib\thumb\libc.a(lib_a-sbrkr.o)
 .text._sbrk_r  0x08014a2c       0x28 C:\gnu\ARM\arm-none-eabi\lib\thumb\libc.a(lib_a-sbrkr.o)
                0x08014a2c                _sbrk_r
 .text          0x08014a54        0x0 C:\gnu\ARM\arm-none-eabi\lib\thumb\libc.a(lib_a-strcat.o)
 .text.strcat   0x08014a54       0x54 C:\gnu\ARM\arm-none-eabi\lib\thumb\libc.a(lib_a-strcat.o)
                0x08014a54                strcat
 .text          0x08014aa8        0x0 C:\gnu\ARM\arm-none-eabi\lib\thumb\libc.a(lib_a-strcpy.o)
 .text.strcpy   0x08014aa8       0x10 C:\gnu\ARM\arm-none-eabi\lib\thumb\libc.a(lib_a-strcpy.o)
                0x08014aa8                strcpy
 .text          0x08014ab8        0x0 C:\gnu\ARM\arm-none-eabi\lib\thumb\libc.a(lib_a-__call_atexit.o)
 .text.startup.register_fini
                0x08014ab8       0x1c C:\gnu\ARM\arm-none-eabi\lib\thumb\libc.a(lib_a-__call_atexit.o)
 .text.__call_exitprocs
                0x08014ad4      0x118 C:\gnu\ARM\arm-none-eabi\lib\thumb\libc.a(lib_a-__call_atexit.o)
                0x08014ad4                __call_exitprocs
 .text          0x08014bec        0x0 C:\gnu\ARM\arm-none-eabi\lib\thumb\libc.a(lib_a-atexit.o)
 .text.atexit   0x08014bec       0x14 C:\gnu\ARM\arm-none-eabi\lib\thumb\libc.a(lib_a-atexit.o)
                0x08014bec                atexit
 .text          0x08014c00        0x0 C:\gnu\ARM\arm-none-eabi\lib\thumb\libc.a(lib_a-fini.o)
 .text.__libc_fini_array
                0x08014c00       0x3c C:\gnu\ARM\arm-none-eabi\lib\thumb\libc.a(lib_a-fini.o)
                0x08014c00                __libc_fini_array
 .text          0x08014c3c        0x0 C:\gnu\ARM\arm-none-eabi\lib\thumb\libc.a(lib_a-freer.o)
 .text._malloc_trim_r
                0x08014c3c       0xa4 C:\gnu\ARM\arm-none-eabi\lib\thumb\libc.a(lib_a-freer.o)
                0x08014c3c                _malloc_trim_r
 .text._free_r  0x08014ce0      0x1b4 C:\gnu\ARM\arm-none-eabi\lib\thumb\libc.a(lib_a-freer.o)
                0x08014ce0                _free_r
 .text          0x08014e94        0x0 C:\gnu\ARM\arm-none-eabi\lib\thumb\libc.a(lib_a-reent.o)
 .text.cleanup_glue
                0x08014e94       0x20 C:\gnu\ARM\arm-none-eabi\lib\thumb\libc.a(lib_a-reent.o)
                0x08014e94                cleanup_glue
 .text._reclaim_reent
                0x08014eb4       0xa0 C:\gnu\ARM\arm-none-eabi\lib\thumb\libc.a(lib_a-reent.o)
                0x08014eb4                _reclaim_reent
 .text          0x08014f54        0x0 C:\gnu\ARM\arm-none-eabi\lib\thumb\libc.a(lib_a-__atexit.o)
 .text.__register_exitproc
                0x08014f54       0xd8 C:\gnu\ARM\arm-none-eabi\lib\thumb\libc.a(lib_a-__atexit.o)
                0x08014f54                __register_exitproc
 .text          0x0801502c        0x0 C:\gnu\ARM\arm-none-eabi\lib\thumb\libnosys.a(sbrk.o)
 .text._sbrk    0x0801502c       0x1c C:\gnu\ARM\arm-none-eabi\lib\thumb\libnosys.a(sbrk.o)
                0x0801502c                _sbrk
 .text          0x08015048        0x0 c:/gnu/arm/bin/../lib/gcc/arm-none-eabi/4.9.3/armv7e-m/crtend.o
 .text          0x08015048        0x0 c:/gnu/arm/bin/../lib/gcc/arm-none-eabi/4.9.3/armv7e-m/crtn.o
 *(.init)
 .init          0x08015048        0x4 c:/gnu/arm/bin/../lib/gcc/arm-none-eabi/4.9.3/armv7e-m/crti.o
                0x08015048                _init
 .init          0x0801504c        0x8 c:/gnu/arm/bin/../lib/gcc/arm-none-eabi/4.9.3/armv7e-m/crtn.o
 *(.fini)
 .fini          0x08015054        0x4 c:/gnu/arm/bin/../lib/gcc/arm-none-eabi/4.9.3/armv7e-m/crti.o
                0x08015054                _fini
 .fini          0x08015058        0x8 c:/gnu/arm/bin/../lib/gcc/arm-none-eabi/4.9.3/armv7e-m/crtn.o
 *crtbegin.o(.ctors)
 *crtbegin.o(.ctors)
 *crtbegin?.o(.ctors)
 *(EXCLUDE_FILE(*crtend.o *crtend?.o) .ctors)
 *(SORT(.ctors.*))
 *(.ctors)
 *crtbegin.o(.dtors)
 *crtbegin?.o(.dtors)
 *(EXCLUDE_FILE(*crtend.o *crtend?.o) .dtors)
 *(SORT(.dtors.*))
 *(.dtors)
 *(.rodata*)
 .rodata        0x08015060       0x12 obj/FSMAudioPlayer.o
 *fill*         0x08015072        0x2 
 .rodata        0x08015074       0x24 obj/FileManagement.o
 .rodata        0x08015098      0x1cb obj/SD_CardController.o
 *fill*         0x08015263        0x1 
 .rodata        0x08015264       0xb0 obj/WidgetConfig.o
                0x08015264                MyWatchScr
                0x080152b4                PlayScr
 .rodata        0x08015314        0x2 obj/code.o
 *fill*         0x08015316        0x2 
 .rodata        0x08015318       0x54 obj/eecfg.o
                0x08015318                EE_hal_thread_body
                0x08015324                EE_th_ready_prio
                0x08015330                EE_th_dispatch_prio
                0x0801533c                EE_alarm_ROM
 .rodata        0x0801536c       0x72 obj/ff.o
 *fill*         0x080153de        0x2 
 .rodata        0x080153e0    0x59f7e obj/pictures.o
                0x080153e0                Font1
                0x0803ac18                ImagePlay
                0x08060450                PlayOn
                0x08061a84                PlayOff
                0x080630b8                DiskOn
                0x0806920c                DiskOff
 *fill*         0x0806f35e        0x2 
 .rodata        0x0806f360       0xfc obj/waveplayer2.o
 .rodata        0x0806f45c       0x60 libstm32f4discovery.a(stm32f4_discovery.o)
                0x0806f45c                GPIO_PIN
                0x0806f464                GPIO_CLK
                0x0806f474                BUTTON_PIN
                0x0806f478                BUTTON_CLK
                0x0806f47c                BUTTON_EXTI_LINE
                0x0806f480                BUTTON_PORT_SOURCE
                0x0806f484                BUTTON_PIN_SOURCE
                0x0806f488                BUTTON_IRQn
                0x0806f48c                COM_USART_CLK
                0x0806f494                COM_TX_PORT_CLK
                0x0806f49c                COM_RX_PORT_CLK
                0x0806f4a4                COM_TX_PIN
                0x0806f4a8                COM_RX_PIN
                0x0806f4ac                COM_TX_PIN_SOURCE
                0x0806f4b0                COM_RX_PIN_SOURCE
                0x0806f4b4                COM_TX_AF
                0x0806f4b8                COM_RX_AF
 .rodata        0x0806f4bc     0x29d0 libstm32f4discovery.a(stm32f4_discovery_lcd.o)
                0x0806f4bc                ASCII16x24_Table
                0x0807068c                ASCII12x12_Table
                0x08070f8c                ASCII8x12_Table
                0x0807188c                ASCII8x8_Table
 .rodata.str1.4
                0x08071e8c        0x4 C:\gnu\ARM\arm-none-eabi\lib\thumb\libc.a(lib_a-impure.o)
                                  0x2 (size before relaxing)
 .rodata._global_impure_ptr
                0x08071e90        0x4 C:\gnu\ARM\arm-none-eabi\lib\thumb\libc.a(lib_a-impure.o)
                0x08071e90                _global_impure_ptr
 *(.eh_frame*)
 .eh_frame      0x08071e94        0x0 c:/gnu/arm/bin/../lib/gcc/arm-none-eabi/4.9.3/armv7e-m/crtbegin.o
 .eh_frame      0x08071e94        0x4 c:/gnu/arm/bin/../lib/gcc/arm-none-eabi/4.9.3/armv7e-m/crtend.o

.glue_7         0x08071e98        0x0
 .glue_7        0x00000000        0x0 linker stubs

.glue_7t        0x08071e98        0x0
 .glue_7t       0x00000000        0x0 linker stubs

.vfp11_veneer   0x08071e98        0x0
 .vfp11_veneer  0x00000000        0x0 linker stubs

.v4_bx          0x08071e98        0x0
 .v4_bx         0x00000000        0x0 linker stubs

.iplt           0x08071e98        0x0
 .iplt          0x00000000        0x0 c:/gnu/arm/bin/../lib/gcc/arm-none-eabi/4.9.3/armv7e-m/crtbegin.o

.ARM.extab      0x08071e98        0x0
 *(.ARM.extab* .gnu.linkonce.armextab.*)
 .ARM.extab     0x08071e98        0x0 c:/gnu/arm/bin/../lib/gcc/arm-none-eabi/4.9.3/../../../../arm-none-eabi/lib/armv7e-m/crt0.o
                0x08071e98                __exidx_start = .

.ARM.exidx      0x08071e98        0x8
 *(.ARM.exidx* .gnu.linkonce.armexidx.*)
 .ARM.exidx     0x08071e98        0x8 c:/gnu/arm/bin/../lib/gcc/arm-none-eabi/4.9.3/../../../../arm-none-eabi/lib/armv7e-m/crt0.o
                0x08071ea0                __exidx_end = .
                0x08071ea0                __etext = .

.rel.dyn        0x08071ea0        0x0
 .rel.iplt      0x00000000        0x0 c:/gnu/arm/bin/../lib/gcc/arm-none-eabi/4.9.3/armv7e-m/crtbegin.o

.data           0x20000000      0x9d4 load address 0x08071ea0
                0x20000000                __data_start__ = .
 *(vtable)
 *(.data*)
 .data          0x20000000        0x0 c:/gnu/arm/bin/../lib/gcc/arm-none-eabi/4.9.3/armv7e-m/crti.o
 .data          0x20000000        0x4 c:/gnu/arm/bin/../lib/gcc/arm-none-eabi/4.9.3/armv7e-m/crtbegin.o
                0x20000000                __dso_handle
 .data          0x20000004        0x0 c:/gnu/arm/bin/../lib/gcc/arm-none-eabi/4.9.3/../../../../arm-none-eabi/lib/armv7e-m/crt0.o
 .data          0x20000004        0x0 obj/DAC_Conf.o
 .data          0x20000004        0x0 obj/DMA_Conf.o
 .data          0x20000004        0x0 obj/Event.o
 .data          0x20000004        0xd obj/FSMAudioPlayer.o
                0x20000004                Root
 .data          0x20000011        0x0 obj/FileManagement.o
 .data          0x20000011        0x0 obj/GPIO_Conf.o
 *fill*         0x20000011        0x3 
 .data          0x20000014       0x11 obj/SD_CardController.o
                0x20000014                graphloop
                0x20000018                Back
 *fill*         0x20000025        0x3 
 .data          0x20000028        0x4 obj/STMPE811QTR.o
                0x20000028                IOE_TimeOut
 .data          0x2000002c        0x0 obj/Timer_Conf.o
 .data          0x2000002c       0x14 obj/Touch.o
 .data          0x20000040        0x0 obj/Widget.o
 .data          0x20000040       0x7c obj/WidgetConfig.o
                0x20000040                bagkmode
                0x2000004c                buttonPlay
                0x20000058                buttonNextSong
                0x20000064                buttonBackSong
                0x20000070                buttonDisk
                0x2000007c                buttonUP
                0x20000088                buttonDown
                0x20000094                buttonLeft
                0x200000a0                buttonRight
                0x200000ac                txt
                0x200000b4                backg
                0x200000b8                Playbackg
 .data          0x200000bc        0x0 obj/WigetsView.o
 .data          0x200000bc        0x0 obj/code.o
 .data          0x200000bc        0x0 obj/diskio.o
 .data          0x200000bc       0x1c obj/eecfg.o
                0x200000bc                EE_th_next
                0x200000c8                EE_stkfirst
                0x200000cc                EE_rqfirst
                0x200000d0                EE_counter_RAM
 .data          0x200000d8        0x0 obj/ff.o
 .data          0x200000d8        0x0 obj/pictures.o
 .data          0x200000d8        0x0 obj/pkg/mcu/st_stm32_stm32f4xx/src/startup_stm32f4xx_gnu.o
 .data          0x200000d8       0x14 obj/pkg/mcu/st_stm32_stm32f4xx/src/system_stm32f4xx.o
                0x200000d8                SystemCoreClock
                0x200000dc                AHBPrescTable
 .data          0x200000ec        0x0 obj/uart_print_red.o
 .data          0x200000ec        0x3 obj/waveplayer2.o
                0x200000ec                WaveFileStatus
                0x200000ed                buffer_switch
                0x200000ee                volume
 .data          0x200000ef        0x0 libee.a(ee_hal_structs.o)
 .data          0x200000ef        0x0 libee.a(ee_utils.o)
 .data          0x200000ef        0x0 libee.a(ee_gnu_change_context_isr.o)
 .data          0x200000ef        0x0 libee.a(ee_alcancel.o)
 .data          0x200000ef        0x0 libee.a(ee_altick.o)
 .data          0x200000ef        0x0 libee.a(ee_alsetrel.o)
 .data          0x200000ef        0x0 libee.a(ee_irqsc.o)
 .data          0x200000ef        0x0 libee.a(ee_rqexchg.o)
 .data          0x200000ef        0x0 libee.a(ee_rqinsert.o)
 .data          0x200000ef        0x0 libee.a(ee_thact.o)
 .data          0x200000ef        0x0 libee.a(ee_context.o)
 .data          0x200000ef        0x0 libee.a(ee_context.o)
 .data          0x200000ef        0x0 libee.a(ee_thendin.o)
 *fill*         0x200000ef        0x1 
 .data          0x200000f0       0x2c libstm32f4discovery.a(stm32f4_discovery.o)
                0x200000f0                GPIO_PORT
                0x20000100                BUTTON_PORT
                0x20000104                COM_USART
                0x2000010c                COM_TX_PORT
                0x20000114                COM_RX_PORT
 .data          0x2000011c       0x56 libstm32f4discovery.a(stm32f4_discovery_lcd.o)
                0x2000011c                Font48x72
                0x20000128                Font32x48
                0x20000134                Font24x36
                0x20000140                Font16x24
                0x2000014c                Font12x12
                0x20000158                Font8x12
                0x20000164                Font8x8
 .data          0x20000172        0x0 libstm32f4discovery.a(stm32f4_discovery_sdio_sd.o)
 .data          0x20000172        0x0 libstm32f4xxspd.a(stm32f4xx_dac.o)
 .data          0x20000172        0x0 libstm32f4xxspd.a(stm32f4xx_dma.o)
 .data          0x20000172        0x0 libstm32f4xxspd.a(stm32f4xx_exti.o)
 .data          0x20000172        0x0 libstm32f4xxspd.a(stm32f4xx_fsmc.o)
 .data          0x20000172        0x0 libstm32f4xxspd.a(stm32f4xx_gpio.o)
 .data          0x20000172        0x0 libstm32f4xxspd.a(stm32f4xx_i2c.o)
 *fill*         0x20000172        0x2 
 .data          0x20000174       0x10 libstm32f4xxspd.a(stm32f4xx_rcc.o)
 .data          0x20000184        0x0 libstm32f4xxspd.a(stm32f4xx_sdio.o)
 .data          0x20000184        0x0 libstm32f4xxspd.a(stm32f4xx_syscfg.o)
 .data          0x20000184        0x0 libstm32f4xxspd.a(stm32f4xx_tim.o)
 .data          0x20000184        0x0 libstm32f4xxspd.a(stm32f4xx_usart.o)
 .data          0x20000184        0x0 libstm32f4xxspd.a(misc.o)
 .data          0x20000184        0x0 c:/gnu/arm/bin/../lib/gcc/arm-none-eabi/4.9.3/armv7e-m\libgcc.a(_arm_addsubdf3.o)
 .data          0x20000184        0x0 c:/gnu/arm/bin/../lib/gcc/arm-none-eabi/4.9.3/armv7e-m\libgcc.a(_arm_muldivdf3.o)
 .data          0x20000184        0x0 c:/gnu/arm/bin/../lib/gcc/arm-none-eabi/4.9.3/armv7e-m\libgcc.a(_arm_cmpdf2.o)
 .data          0x20000184        0x0 c:/gnu/arm/bin/../lib/gcc/arm-none-eabi/4.9.3/armv7e-m\libgcc.a(_arm_fixdfsi.o)
 .data          0x20000184        0x0 c:/gnu/arm/bin/../lib/gcc/arm-none-eabi/4.9.3/armv7e-m\libgcc.a(_arm_addsubsf3.o)
 .data          0x20000184        0x0 c:/gnu/arm/bin/../lib/gcc/arm-none-eabi/4.9.3/armv7e-m\libgcc.a(_arm_muldivsf3.o)
 .data          0x20000184        0x0 c:/gnu/arm/bin/../lib/gcc/arm-none-eabi/4.9.3/armv7e-m\libgcc.a(_arm_fixsfsi.o)
 .data          0x20000184        0x0 c:/gnu/arm/bin/../lib/gcc/arm-none-eabi/4.9.3/armv7e-m\libgcc.a(_arm_fixunssfsi.o)
 .data          0x20000184        0x0 C:\gnu\ARM\arm-none-eabi\lib\thumb\libc.a(lib_a-exit.o)
 .data          0x20000184        0x0 C:\gnu\ARM\arm-none-eabi\lib\thumb\libc.a(lib_a-impure.o)
 *fill*         0x20000184        0x4 
 .data.impure_data
                0x20000188      0x428 C:\gnu\ARM\arm-none-eabi\lib\thumb\libc.a(lib_a-impure.o)
 .data._impure_ptr
                0x200005b0        0x4 C:\gnu\ARM\arm-none-eabi\lib\thumb\libc.a(lib_a-impure.o)
                0x200005b0                _impure_ptr
 .data          0x200005b4        0x0 C:\gnu\ARM\arm-none-eabi\lib\thumb\libc.a(lib_a-init.o)
 .data          0x200005b4        0x0 C:\gnu\ARM\arm-none-eabi\lib\thumb\libc.a(lib_a-malloc.o)
 .data          0x200005b4        0x0 C:\gnu\ARM\arm-none-eabi\lib\thumb\libc.a(lib_a-mallocr.o)
 .data.__malloc_av_
                0x200005b4      0x408 C:\gnu\ARM\arm-none-eabi\lib\thumb\libc.a(lib_a-mallocr.o)
                0x200005b4                __malloc_av_
 .data.__malloc_trim_threshold
                0x200009bc        0x4 C:\gnu\ARM\arm-none-eabi\lib\thumb\libc.a(lib_a-mallocr.o)
                0x200009bc                __malloc_trim_threshold
 .data.__malloc_sbrk_base
                0x200009c0        0x4 C:\gnu\ARM\arm-none-eabi\lib\thumb\libc.a(lib_a-mallocr.o)
                0x200009c0                __malloc_sbrk_base
 .data          0x200009c4        0x0 C:\gnu\ARM\arm-none-eabi\lib\thumb\libc.a(lib_a-memcpy.o)
 .data          0x200009c4        0x0 C:\gnu\ARM\arm-none-eabi\lib\thumb\libc.a(lib_a-memset.o)
 .data          0x200009c4        0x0 C:\gnu\ARM\arm-none-eabi\lib\thumb\libc.a(lib_a-mlock.o)
 .data          0x200009c4        0x0 C:\gnu\ARM\arm-none-eabi\lib\thumb\libc.a(lib_a-sbrkr.o)
 .data          0x200009c4        0x0 C:\gnu\ARM\arm-none-eabi\lib\thumb\libc.a(lib_a-strcat.o)
 .data          0x200009c4        0x0 C:\gnu\ARM\arm-none-eabi\lib\thumb\libc.a(lib_a-strcpy.o)
 .data          0x200009c4        0x0 C:\gnu\ARM\arm-none-eabi\lib\thumb\libc.a(lib_a-__call_atexit.o)
 .data          0x200009c4        0x0 C:\gnu\ARM\arm-none-eabi\lib\thumb\libc.a(lib_a-atexit.o)
 .data          0x200009c4        0x0 C:\gnu\ARM\arm-none-eabi\lib\thumb\libc.a(lib_a-fini.o)
 .data          0x200009c4        0x0 C:\gnu\ARM\arm-none-eabi\lib\thumb\libc.a(lib_a-freer.o)
 .data          0x200009c4        0x0 C:\gnu\ARM\arm-none-eabi\lib\thumb\libc.a(lib_a-reent.o)
 .data          0x200009c4        0x0 C:\gnu\ARM\arm-none-eabi\lib\thumb\libc.a(lib_a-__atexit.o)
 .data          0x200009c4        0x0 C:\gnu\ARM\arm-none-eabi\lib\thumb\libnosys.a(sbrk.o)
 .data          0x200009c4        0x0 c:/gnu/arm/bin/../lib/gcc/arm-none-eabi/4.9.3/armv7e-m/crtend.o
 .data          0x200009c4        0x0 c:/gnu/arm/bin/../lib/gcc/arm-none-eabi/4.9.3/armv7e-m/crtn.o
                0x200009c4                . = ALIGN (0x4)
                0x200009c4                PROVIDE (__preinit_array_start, .)
 *(.preinit_array)
                0x200009c4                PROVIDE (__preinit_array_end, .)
                0x200009c4                . = ALIGN (0x4)
                0x200009c4                PROVIDE (__init_array_start, .)
 *(SORT(.init_array.*))
 .init_array.00000
                0x200009c4        0x4 C:\gnu\ARM\arm-none-eabi\lib\thumb\libc.a(lib_a-__call_atexit.o)
 *(.init_array)
 .init_array    0x200009c8        0x4 c:/gnu/arm/bin/../lib/gcc/arm-none-eabi/4.9.3/armv7e-m/crtbegin.o
                0x200009cc                PROVIDE (__init_array_end, .)
                0x200009cc                . = ALIGN (0x4)
                0x200009cc                PROVIDE (__fini_array_start, .)
 *(SORT(.fini_array.*))
 *(.fini_array)
 .fini_array    0x200009cc        0x4 c:/gnu/arm/bin/../lib/gcc/arm-none-eabi/4.9.3/armv7e-m/crtbegin.o
                0x200009d0                PROVIDE (__fini_array_end, .)
 *(.jcr*)
 .jcr           0x200009d0        0x0 c:/gnu/arm/bin/../lib/gcc/arm-none-eabi/4.9.3/armv7e-m/crtbegin.o
 .jcr           0x200009d0        0x4 c:/gnu/arm/bin/../lib/gcc/arm-none-eabi/4.9.3/armv7e-m/crtend.o
                0x200009d4                . = ALIGN (0x4)
                0x200009d4                __data_end__ = .

.igot.plt       0x200009d4        0x0 load address 0x08072874
 .igot.plt      0x00000000        0x0 c:/gnu/arm/bin/../lib/gcc/arm-none-eabi/4.9.3/armv7e-m/crtbegin.o

.bss            0x200009d4     0x1754 load address 0x08072874
                0x200009d4                . = ALIGN (0x4)
                0x200009d4                __bss_start__ = .
 *(.bss*)
 .bss           0x200009d4        0x0 c:/gnu/arm/bin/../lib/gcc/arm-none-eabi/4.9.3/armv7e-m/crti.o
 .bss           0x200009d4       0x1c c:/gnu/arm/bin/../lib/gcc/arm-none-eabi/4.9.3/armv7e-m/crtbegin.o
 .bss           0x200009f0        0x0 c:/gnu/arm/bin/../lib/gcc/arm-none-eabi/4.9.3/../../../../arm-none-eabi/lib/armv7e-m/crt0.o
 .bss           0x200009f0        0x0 obj/DAC_Conf.o
 .bss           0x200009f0        0x0 obj/DMA_Conf.o
 .bss           0x200009f0        0x0 obj/Event.o
 .bss           0x200009f0        0x0 obj/FSMAudioPlayer.o
 .bss           0x200009f0        0x0 obj/FileManagement.o
 .bss           0x200009f0        0x0 obj/GPIO_Conf.o
 .bss           0x200009f0        0x1 obj/SD_CardController.o
                0x200009f0                Status
 *fill*         0x200009f1        0x1 
 .bss           0x200009f2        0x4 obj/STMPE811QTR.o
 .bss           0x200009f6        0x0 obj/Timer_Conf.o
 .bss           0x200009f6        0x0 obj/Touch.o
 .bss           0x200009f6        0x0 obj/Widget.o
 .bss           0x200009f6        0x0 obj/WidgetConfig.o
 .bss           0x200009f6        0x0 obj/WigetsView.o
 *fill*         0x200009f6        0x2 
 .bss           0x200009f8        0x5 obj/code.o
                0x200009f8                imageCounter
                0x200009fc                SW
 .bss           0x200009fd        0x0 obj/diskio.o
 *fill*         0x200009fd        0x3 
 .bss           0x20000a00        0x4 obj/eecfg.o
                0x20000a00                EE_sys_ceiling
 .bss           0x20000a04        0x6 obj/ff.o
 .bss           0x20000a0a        0x0 obj/pictures.o
 .bss           0x20000a0a        0x0 obj/pkg/mcu/st_stm32_stm32f4xx/src/startup_stm32f4xx_gnu.o
 .bss           0x20000a0a        0x0 obj/pkg/mcu/st_stm32_stm32f4xx/src/system_stm32f4xx.o
 .bss           0x20000a0a        0x0 obj/uart_print_red.o
 *fill*         0x20000a0a        0x2 
 .bss           0x20000a0c      0x815 obj/waveplayer2.o
                0x20000a14                buffer1
                0x20000e14                buffer2
                0x20001214                EndF
                0x20001218                XferCplt
                0x2000121c                WaveDataLength
                0x20001220                AudioPlayStart
 .bss           0x20001221        0x0 libee.a(ee_hal_structs.o)
 .bss           0x20001221        0x0 libee.a(ee_utils.o)
 .bss           0x20001221        0x0 libee.a(ee_gnu_change_context_isr.o)
 .bss           0x20001221        0x0 libee.a(ee_alcancel.o)
 .bss           0x20001221        0x0 libee.a(ee_altick.o)
 .bss           0x20001221        0x0 libee.a(ee_alsetrel.o)
 .bss           0x20001221        0x0 libee.a(ee_irqsc.o)
 .bss           0x20001221        0x0 libee.a(ee_rqexchg.o)
 .bss           0x20001221        0x0 libee.a(ee_rqinsert.o)
 .bss           0x20001221        0x0 libee.a(ee_thact.o)
 .bss           0x20001221        0x0 libee.a(ee_context.o)
 .bss           0x20001221        0x0 libee.a(ee_context.o)
 .bss           0x20001221        0x0 libee.a(ee_thendin.o)
 .bss           0x20001221        0x0 libstm32f4discovery.a(stm32f4_discovery.o)
 *fill*         0x20001221        0x3 
 .bss           0x20001224        0x6 libstm32f4discovery.a(stm32f4_discovery_lcd.o)
 *fill*         0x2000122a        0x2 
 .bss           0x2000122c       0x48 libstm32f4discovery.a(stm32f4_discovery_sdio_sd.o)
                0x20001264                StopCondition
                0x20001268                TransferError
                0x2000126c                TransferEnd
                0x20001270                DMAEndOfTransfer
 .bss           0x20001274        0x0 libstm32f4xxspd.a(stm32f4xx_dac.o)
 .bss           0x20001274        0x0 libstm32f4xxspd.a(stm32f4xx_dma.o)
 .bss           0x20001274        0x0 libstm32f4xxspd.a(stm32f4xx_exti.o)
 .bss           0x20001274        0x0 libstm32f4xxspd.a(stm32f4xx_fsmc.o)
 .bss           0x20001274        0x0 libstm32f4xxspd.a(stm32f4xx_gpio.o)
 .bss           0x20001274        0x0 libstm32f4xxspd.a(stm32f4xx_i2c.o)
 .bss           0x20001274        0x0 libstm32f4xxspd.a(stm32f4xx_rcc.o)
 .bss           0x20001274        0x0 libstm32f4xxspd.a(stm32f4xx_sdio.o)
 .bss           0x20001274        0x0 libstm32f4xxspd.a(stm32f4xx_syscfg.o)
 .bss           0x20001274        0x0 libstm32f4xxspd.a(stm32f4xx_tim.o)
 .bss           0x20001274        0x0 libstm32f4xxspd.a(stm32f4xx_usart.o)
 .bss           0x20001274        0x0 libstm32f4xxspd.a(misc.o)
 .bss           0x20001274        0x0 c:/gnu/arm/bin/../lib/gcc/arm-none-eabi/4.9.3/armv7e-m\libgcc.a(_arm_addsubdf3.o)
 .bss           0x20001274        0x0 c:/gnu/arm/bin/../lib/gcc/arm-none-eabi/4.9.3/armv7e-m\libgcc.a(_arm_muldivdf3.o)
 .bss           0x20001274        0x0 c:/gnu/arm/bin/../lib/gcc/arm-none-eabi/4.9.3/armv7e-m\libgcc.a(_arm_cmpdf2.o)
 .bss           0x20001274        0x0 c:/gnu/arm/bin/../lib/gcc/arm-none-eabi/4.9.3/armv7e-m\libgcc.a(_arm_fixdfsi.o)
 .bss           0x20001274        0x0 c:/gnu/arm/bin/../lib/gcc/arm-none-eabi/4.9.3/armv7e-m\libgcc.a(_arm_addsubsf3.o)
 .bss           0x20001274        0x0 c:/gnu/arm/bin/../lib/gcc/arm-none-eabi/4.9.3/armv7e-m\libgcc.a(_arm_muldivsf3.o)
 .bss           0x20001274        0x0 c:/gnu/arm/bin/../lib/gcc/arm-none-eabi/4.9.3/armv7e-m\libgcc.a(_arm_fixsfsi.o)
 .bss           0x20001274        0x0 c:/gnu/arm/bin/../lib/gcc/arm-none-eabi/4.9.3/armv7e-m\libgcc.a(_arm_fixunssfsi.o)
 .bss           0x20001274        0x0 C:\gnu\ARM\arm-none-eabi\lib\thumb\libc.a(lib_a-exit.o)
 .bss           0x20001274        0x0 C:\gnu\ARM\arm-none-eabi\lib\thumb\libc.a(lib_a-impure.o)
 .bss           0x20001274        0x0 C:\gnu\ARM\arm-none-eabi\lib\thumb\libc.a(lib_a-init.o)
 .bss           0x20001274        0x0 C:\gnu\ARM\arm-none-eabi\lib\thumb\libc.a(lib_a-malloc.o)
 .bss           0x20001274        0x0 C:\gnu\ARM\arm-none-eabi\lib\thumb\libc.a(lib_a-mallocr.o)
 .bss.__malloc_max_total_mem
                0x20001274        0x4 C:\gnu\ARM\arm-none-eabi\lib\thumb\libc.a(lib_a-mallocr.o)
                0x20001274                __malloc_max_total_mem
 .bss.__malloc_max_sbrked_mem
                0x20001278        0x4 C:\gnu\ARM\arm-none-eabi\lib\thumb\libc.a(lib_a-mallocr.o)
                0x20001278                __malloc_max_sbrked_mem
 .bss.__malloc_top_pad
                0x2000127c        0x4 C:\gnu\ARM\arm-none-eabi\lib\thumb\libc.a(lib_a-mallocr.o)
                0x2000127c                __malloc_top_pad
 .bss.__malloc_current_mallinfo
                0x20001280       0x28 C:\gnu\ARM\arm-none-eabi\lib\thumb\libc.a(lib_a-mallocr.o)
                0x20001280                __malloc_current_mallinfo
 .bss           0x200012a8        0x0 C:\gnu\ARM\arm-none-eabi\lib\thumb\libc.a(lib_a-memcpy.o)
 .bss           0x200012a8        0x0 C:\gnu\ARM\arm-none-eabi\lib\thumb\libc.a(lib_a-memset.o)
 .bss           0x200012a8        0x0 C:\gnu\ARM\arm-none-eabi\lib\thumb\libc.a(lib_a-mlock.o)
 .bss           0x200012a8        0x0 C:\gnu\ARM\arm-none-eabi\lib\thumb\libc.a(lib_a-sbrkr.o)
 .bss           0x200012a8        0x0 C:\gnu\ARM\arm-none-eabi\lib\thumb\libc.a(lib_a-strcat.o)
 .bss           0x200012a8        0x0 C:\gnu\ARM\arm-none-eabi\lib\thumb\libc.a(lib_a-strcpy.o)
 .bss           0x200012a8        0x0 C:\gnu\ARM\arm-none-eabi\lib\thumb\libc.a(lib_a-__call_atexit.o)
 .bss           0x200012a8        0x0 C:\gnu\ARM\arm-none-eabi\lib\thumb\libc.a(lib_a-atexit.o)
 .bss           0x200012a8        0x0 C:\gnu\ARM\arm-none-eabi\lib\thumb\libc.a(lib_a-fini.o)
 .bss           0x200012a8        0x0 C:\gnu\ARM\arm-none-eabi\lib\thumb\libc.a(lib_a-freer.o)
 .bss           0x200012a8        0x0 C:\gnu\ARM\arm-none-eabi\lib\thumb\libc.a(lib_a-reent.o)
 .bss           0x200012a8        0x0 C:\gnu\ARM\arm-none-eabi\lib\thumb\libc.a(lib_a-__atexit.o)
 .bss           0x200012a8        0x0 C:\gnu\ARM\arm-none-eabi\lib\thumb\libnosys.a(sbrk.o)
 .bss.heap_end.4079
                0x200012a8        0x4 C:\gnu\ARM\arm-none-eabi\lib\thumb\libnosys.a(sbrk.o)
 .bss           0x200012ac        0x0 c:/gnu/arm/bin/../lib/gcc/arm-none-eabi/4.9.3/armv7e-m/crtend.o
 .bss           0x200012ac        0x0 c:/gnu/arm/bin/../lib/gcc/arm-none-eabi/4.9.3/armv7e-m/crtn.o
 *(COMMON)
 COMMON         0x200012ac      0x200 obj/DMA_Conf.o
                0x200012ac                BufferDMA
 COMMON         0x200014ac        0x1 obj/Event.o
                0x200014ac                evts
 *fill*         0x200014ad        0x3 
 COMMON         0x200014b0       0x34 obj/FSMAudioPlayer.o
                0x200014b0                Index
                0x200014b4                CList
                0x200014b8                Ctail
                0x200014bc                FolderPath
                0x200014cc                Chead
                0x200014d0                CurrentPath
                0x200014e0                ListHeadTail
 COMMON         0x200014e4      0x8b6 obj/SD_CardController.o
                0x200014e4                path
                0x200014e8                fno
                0x20001500                br
                0x20001504                file
                0x2000172c                buffer
                0x20001b2c                bw
                0x20001b30                Cpath
                0x20001b40                dir
                0x20001b60                filesystem
                0x20001d94                Mylist
                0x20001d98                EmptyFolder
                0x20001d99                ret
 *fill*         0x20001d9a        0x2 
 COMMON         0x20001d9c        0x8 obj/STMPE811QTR.o
                0x20001d9c                TS_State
 COMMON         0x20001da4       0x20 obj/Touch.o
                0x20001da4                touch_points
                0x20001db8                tcs
 COMMON         0x20001dc4       0x2a obj/code.o
                0x20001dc4                Folder
                0x20001dc8                Indextotest1
                0x20001dd8                Indextotest
                0x20001de8                MyFSM
                0x20001dec                AudioPlayer
 *fill*         0x20001dee        0x2 
 COMMON         0x20001df0       0x30 obj/eecfg.o
                0x20001df0                EE_alarm_RAM
                0x20001e14                EE_th_nact
 COMMON         0x20001e20       0x10 obj/uart_print_red.o
                0x20001e20                USART_InitStructure
 COMMON         0x20001e30      0x251 obj/waveplayer2.o
                0x20001e30                fileR
                0x20002058                WAVE_Format
                0x20002070                RepeatState
                0x20002074                AudioRemSize
                0x20002078                BytesRead
                0x2000207c                WaveCounter
                0x20002080                Command_index
 *fill*         0x20002081        0x3 
 COMMON         0x20002084        0x8 libee.a(ee_hal_structs.o)
                0x20002084                EE_IRQ_nesting_level
                0x20002088                EE_std_endcycle_next_tid
 COMMON         0x2000208c        0x4 libstm32f4discovery.a(stm32f4_discovery.o)
                0x2000208c                NVIC_InitStructure
 COMMON         0x20002090       0x94 libstm32f4discovery.a(stm32f4_discovery_sdio_sd.o)
                0x20002090                SDIO_CmdInitStructure
                0x200020a4                SDCardInfo
                0x200020f4                SDIO_InitStructure
                0x2000210c                SDIO_DataInitStructure
 COMMON         0x20002124        0x4 C:\gnu\ARM\arm-none-eabi\lib\thumb\libc.a(lib_a-reent.o)
                0x20002124                errno
                0x20002128                . = ALIGN (0x4)
                0x20002128                __bss_end__ = .

.heap           0x20002128      0x100
                0x20002128                __end__ = .
                0x20002128                end = __end__
 *(.heap*)
 .heap          0x20002128      0x100 obj/pkg/mcu/st_stm32_stm32f4xx/src/startup_stm32f4xx_gnu.o
                0x20002128                __HeapBase
                0x20002228                __HeapLimit = .

.stack_dummy    0x20002128      0xc00
 *(.stack*)
 .stack         0x20002128      0xc00 obj/pkg/mcu/st_stm32_stm32f4xx/src/startup_stm32f4xx_gnu.o
                0x20020000                __StackTop = (ORIGIN (RAM) + 0x20000)
                0x2001f400                __StackLimit = (__StackTop - SIZEOF (.stack_dummy))
                0x20020000                PROVIDE (__stack, __StackTop)
                0x00000001                ASSERT ((__StackLimit >= __HeapLimit), region RAM overflowed with stack)
                0x10000000                __CcmOrigin = ORIGIN (CCM)
                0x00010000                __CcmLen = 0x10000
START GROUP
LOAD c:/gnu/arm/bin/../lib/gcc/arm-none-eabi/4.9.3/armv7e-m\libgcc.a
LOAD C:\gnu\ARM\arm-none-eabi\lib\thumb\libg.a
LOAD C:\gnu\ARM\arm-none-eabi\lib\thumb\libc.a
END GROUP
LOAD c:/gnu/arm/bin/../lib/gcc/arm-none-eabi/4.9.3/armv7e-m/crtend.o
LOAD c:/gnu/arm/bin/../lib/gcc/arm-none-eabi/4.9.3/armv7e-m/crtn.o
OUTPUT(c_mX.elf elf32-littlearm)

.ARM.attributes
                0x00000000       0x2c
 .ARM.attributes
                0x00000000       0x1e c:/gnu/arm/bin/../lib/gcc/arm-none-eabi/4.9.3/armv7e-m/crti.o
 .ARM.attributes
                0x0000001e       0x2e c:/gnu/arm/bin/../lib/gcc/arm-none-eabi/4.9.3/armv7e-m/crtbegin.o
 .ARM.attributes
                0x0000004c       0x1c c:/gnu/arm/bin/../lib/gcc/arm-none-eabi/4.9.3/../../../../arm-none-eabi/lib/armv7e-m/crt0.o
 .ARM.attributes
                0x00000068       0x33 obj/DAC_Conf.o
 .ARM.attributes
                0x0000009b       0x33 obj/DMA_Conf.o
 .ARM.attributes
                0x000000ce       0x33 obj/Event.o
 .ARM.attributes
                0x00000101       0x33 obj/FSMAudioPlayer.o
 .ARM.attributes
                0x00000134       0x33 obj/FileManagement.o
 .ARM.attributes
                0x00000167       0x33 obj/GPIO_Conf.o
 .ARM.attributes
                0x0000019a       0x33 obj/SD_CardController.o
 .ARM.attributes
                0x000001cd       0x33 obj/STMPE811QTR.o
 .ARM.attributes
                0x00000200       0x33 obj/Timer_Conf.o
 .ARM.attributes
                0x00000233       0x33 obj/Touch.o
 .ARM.attributes
                0x00000266       0x33 obj/Widget.o
 .ARM.attributes
                0x00000299       0x33 obj/WidgetConfig.o
 .ARM.attributes
                0x000002cc       0x33 obj/WigetsView.o
 .ARM.attributes
                0x000002ff       0x33 obj/code.o
 .ARM.attributes
                0x00000332       0x33 obj/diskio.o
 .ARM.attributes
                0x00000365       0x33 obj/eecfg.o
 .ARM.attributes
                0x00000398       0x33 obj/ff.o
 .ARM.attributes
                0x000003cb       0x33 obj/pictures.o
 .ARM.attributes
                0x000003fe       0x1c obj/pkg/mcu/st_stm32_stm32f4xx/src/startup_stm32f4xx_gnu.o
 .ARM.attributes
                0x0000041a       0x33 obj/pkg/mcu/st_stm32_stm32f4xx/src/system_stm32f4xx.o
 .ARM.attributes
                0x0000044d       0x33 obj/uart_print_red.o
 .ARM.attributes
                0x00000480       0x33 obj/waveplayer2.o
 .ARM.attributes
                0x000004b3       0x33 libee.a(ee_hal_structs.o)
 .ARM.attributes
                0x000004e6       0x33 libee.a(ee_utils.o)
 .ARM.attributes
                0x00000519       0x21 libee.a(ee_gnu_change_context_isr.o)
 .ARM.attributes
                0x0000053a       0x33 libee.a(ee_alcancel.o)
 .ARM.attributes
                0x0000056d       0x33 libee.a(ee_altick.o)
 .ARM.attributes
                0x000005a0       0x33 libee.a(ee_alsetrel.o)
 .ARM.attributes
                0x000005d3       0x33 libee.a(ee_irqsc.o)
 .ARM.attributes
                0x00000606       0x33 libee.a(ee_rqexchg.o)
 .ARM.attributes
                0x00000639       0x33 libee.a(ee_rqinsert.o)
 .ARM.attributes
                0x0000066c       0x33 libee.a(ee_thact.o)
 .ARM.attributes
                0x0000069f       0x33 libee.a(ee_context.o)
 .ARM.attributes
                0x000006d2       0x33 libee.a(ee_context.o)
 .ARM.attributes
                0x00000705       0x33 libee.a(ee_thendin.o)
 .ARM.attributes
                0x00000738       0x33 libstm32f4discovery.a(stm32f4_discovery.o)
 .ARM.attributes
                0x0000076b       0x33 libstm32f4discovery.a(stm32f4_discovery_lcd.o)
 .ARM.attributes
                0x0000079e       0x33 libstm32f4discovery.a(stm32f4_discovery_sdio_sd.o)
 .ARM.attributes
                0x000007d1       0x33 libstm32f4xxspd.a(stm32f4xx_dac.o)
 .ARM.attributes
                0x00000804       0x33 libstm32f4xxspd.a(stm32f4xx_dma.o)
 .ARM.attributes
                0x00000837       0x33 libstm32f4xxspd.a(stm32f4xx_exti.o)
 .ARM.attributes
                0x0000086a       0x33 libstm32f4xxspd.a(stm32f4xx_fsmc.o)
 .ARM.attributes
                0x0000089d       0x33 libstm32f4xxspd.a(stm32f4xx_gpio.o)
 .ARM.attributes
                0x000008d0       0x33 libstm32f4xxspd.a(stm32f4xx_i2c.o)
 .ARM.attributes
                0x00000903       0x33 libstm32f4xxspd.a(stm32f4xx_rcc.o)
 .ARM.attributes
                0x00000936       0x33 libstm32f4xxspd.a(stm32f4xx_sdio.o)
 .ARM.attributes
                0x00000969       0x33 libstm32f4xxspd.a(stm32f4xx_syscfg.o)
 .ARM.attributes
                0x0000099c       0x33 libstm32f4xxspd.a(stm32f4xx_tim.o)
 .ARM.attributes
                0x000009cf       0x33 libstm32f4xxspd.a(stm32f4xx_usart.o)
 .ARM.attributes
                0x00000a02       0x33 libstm32f4xxspd.a(misc.o)
 .ARM.attributes
                0x00000a35       0x1e c:/gnu/arm/bin/../lib/gcc/arm-none-eabi/4.9.3/armv7e-m\libgcc.a(_arm_addsubdf3.o)
 .ARM.attributes
                0x00000a53       0x1e c:/gnu/arm/bin/../lib/gcc/arm-none-eabi/4.9.3/armv7e-m\libgcc.a(_arm_muldivdf3.o)
 .ARM.attributes
                0x00000a71       0x1e c:/gnu/arm/bin/../lib/gcc/arm-none-eabi/4.9.3/armv7e-m\libgcc.a(_arm_cmpdf2.o)
 .ARM.attributes
                0x00000a8f       0x1e c:/gnu/arm/bin/../lib/gcc/arm-none-eabi/4.9.3/armv7e-m\libgcc.a(_arm_fixdfsi.o)
 .ARM.attributes
                0x00000aad       0x1e c:/gnu/arm/bin/../lib/gcc/arm-none-eabi/4.9.3/armv7e-m\libgcc.a(_arm_addsubsf3.o)
 .ARM.attributes
                0x00000acb       0x1e c:/gnu/arm/bin/../lib/gcc/arm-none-eabi/4.9.3/armv7e-m\libgcc.a(_arm_muldivsf3.o)
 .ARM.attributes
                0x00000ae9       0x1e c:/gnu/arm/bin/../lib/gcc/arm-none-eabi/4.9.3/armv7e-m\libgcc.a(_arm_fixsfsi.o)
 .ARM.attributes
                0x00000b07       0x1e c:/gnu/arm/bin/../lib/gcc/arm-none-eabi/4.9.3/armv7e-m\libgcc.a(_arm_fixunssfsi.o)
 .ARM.attributes
                0x00000b25       0x30 C:\gnu\ARM\arm-none-eabi\lib\thumb\libc.a(lib_a-exit.o)
 .ARM.attributes
                0x00000b55       0x30 C:\gnu\ARM\arm-none-eabi\lib\thumb\libc.a(lib_a-impure.o)
 .ARM.attributes
                0x00000b85       0x30 C:\gnu\ARM\arm-none-eabi\lib\thumb\libc.a(lib_a-init.o)
 .ARM.attributes
                0x00000bb5       0x30 C:\gnu\ARM\arm-none-eabi\lib\thumb\libc.a(lib_a-malloc.o)
 .ARM.attributes
                0x00000be5       0x30 C:\gnu\ARM\arm-none-eabi\lib\thumb\libc.a(lib_a-mallocr.o)
 .ARM.attributes
                0x00000c15       0x30 C:\gnu\ARM\arm-none-eabi\lib\thumb\libc.a(lib_a-memcpy.o)
 .ARM.attributes
                0x00000c45       0x30 C:\gnu\ARM\arm-none-eabi\lib\thumb\libc.a(lib_a-memset.o)
 .ARM.attributes
                0x00000c75       0x30 C:\gnu\ARM\arm-none-eabi\lib\thumb\libc.a(lib_a-mlock.o)
 .ARM.attributes
                0x00000ca5       0x30 C:\gnu\ARM\arm-none-eabi\lib\thumb\libc.a(lib_a-sbrkr.o)
 .ARM.attributes
                0x00000cd5       0x30 C:\gnu\ARM\arm-none-eabi\lib\thumb\libc.a(lib_a-strcat.o)
 .ARM.attributes
                0x00000d05       0x30 C:\gnu\ARM\arm-none-eabi\lib\thumb\libc.a(lib_a-strcpy.o)
 .ARM.attributes
                0x00000d35       0x30 C:\gnu\ARM\arm-none-eabi\lib\thumb\libc.a(lib_a-__call_atexit.o)
 .ARM.attributes
                0x00000d65       0x30 C:\gnu\ARM\arm-none-eabi\lib\thumb\libc.a(lib_a-atexit.o)
 .ARM.attributes
                0x00000d95       0x30 C:\gnu\ARM\arm-none-eabi\lib\thumb\libc.a(lib_a-fini.o)
 .ARM.attributes
                0x00000dc5       0x30 C:\gnu\ARM\arm-none-eabi\lib\thumb\libc.a(lib_a-freer.o)
 .ARM.attributes
                0x00000df5       0x30 C:\gnu\ARM\arm-none-eabi\lib\thumb\libc.a(lib_a-reent.o)
 .ARM.attributes
                0x00000e25       0x30 C:\gnu\ARM\arm-none-eabi\lib\thumb\libc.a(lib_a-__atexit.o)
 .ARM.attributes
                0x00000e55       0x30 C:\gnu\ARM\arm-none-eabi\lib\thumb\libnosys.a(sbrk.o)
 .ARM.attributes
                0x00000e85       0x2e c:/gnu/arm/bin/../lib/gcc/arm-none-eabi/4.9.3/armv7e-m/crtend.o
 .ARM.attributes
                0x00000eb3       0x1e c:/gnu/arm/bin/../lib/gcc/arm-none-eabi/4.9.3/armv7e-m/crtn.o

.comment        0x00000000       0x70
 .comment       0x00000000       0x70 obj/DAC_Conf.o
                                 0x71 (size before relaxing)
 .comment       0x00000000       0x71 obj/DMA_Conf.o
 .comment       0x00000000       0x71 obj/Event.o
 .comment       0x00000000       0x71 obj/FSMAudioPlayer.o
 .comment       0x00000000       0x71 obj/FileManagement.o
 .comment       0x00000000       0x71 obj/GPIO_Conf.o
 .comment       0x00000000       0x71 obj/SD_CardController.o
 .comment       0x00000000       0x71 obj/STMPE811QTR.o
 .comment       0x00000000       0x71 obj/Timer_Conf.o
 .comment       0x00000000       0x71 obj/Touch.o
 .comment       0x00000000       0x71 obj/Widget.o
 .comment       0x00000000       0x71 obj/WidgetConfig.o
 .comment       0x00000000       0x71 obj/WigetsView.o
 .comment       0x00000000       0x71 obj/code.o
 .comment       0x00000000       0x71 obj/diskio.o
 .comment       0x00000000       0x71 obj/eecfg.o
 .comment       0x00000000       0x71 obj/ff.o
 .comment       0x00000000       0x71 obj/pictures.o
 .comment       0x00000000       0x71 obj/pkg/mcu/st_stm32_stm32f4xx/src/system_stm32f4xx.o
 .comment       0x00000000       0x71 obj/uart_print_red.o
 .comment       0x00000000       0x71 obj/waveplayer2.o
 .comment       0x00000000       0x71 libee.a(ee_hal_structs.o)
 .comment       0x00000000       0x71 libee.a(ee_utils.o)
 .comment       0x00000000       0x71 libee.a(ee_alcancel.o)
 .comment       0x00000000       0x71 libee.a(ee_altick.o)
 .comment       0x00000000       0x71 libee.a(ee_alsetrel.o)
 .comment       0x00000000       0x71 libee.a(ee_irqsc.o)
 .comment       0x00000000       0x71 libee.a(ee_rqexchg.o)
 .comment       0x00000000       0x71 libee.a(ee_rqinsert.o)
 .comment       0x00000000       0x71 libee.a(ee_thact.o)
 .comment       0x00000000       0x71 libee.a(ee_context.o)
 .comment       0x00000000       0x71 libee.a(ee_context.o)
 .comment       0x00000000       0x71 libee.a(ee_thendin.o)
 .comment       0x00000000       0x71 libstm32f4discovery.a(stm32f4_discovery.o)
 .comment       0x00000000       0x71 libstm32f4discovery.a(stm32f4_discovery_lcd.o)
 .comment       0x00000000       0x71 libstm32f4discovery.a(stm32f4_discovery_sdio_sd.o)
 .comment       0x00000000       0x71 libstm32f4xxspd.a(stm32f4xx_dac.o)
 .comment       0x00000000       0x71 libstm32f4xxspd.a(stm32f4xx_dma.o)
 .comment       0x00000000       0x71 libstm32f4xxspd.a(stm32f4xx_exti.o)
 .comment       0x00000000       0x71 libstm32f4xxspd.a(stm32f4xx_fsmc.o)
 .comment       0x00000000       0x71 libstm32f4xxspd.a(stm32f4xx_gpio.o)
 .comment       0x00000000       0x71 libstm32f4xxspd.a(stm32f4xx_i2c.o)
 .comment       0x00000000       0x71 libstm32f4xxspd.a(stm32f4xx_rcc.o)
 .comment       0x00000000       0x71 libstm32f4xxspd.a(stm32f4xx_sdio.o)
 .comment       0x00000000       0x71 libstm32f4xxspd.a(stm32f4xx_syscfg.o)
 .comment       0x00000000       0x71 libstm32f4xxspd.a(stm32f4xx_tim.o)
 .comment       0x00000000       0x71 libstm32f4xxspd.a(stm32f4xx_usart.o)
 .comment       0x00000000       0x71 libstm32f4xxspd.a(misc.o)

.debug_info     0x00000000    0x149d9
 .debug_info    0x00000000      0x192 obj/DAC_Conf.o
 .debug_info    0x00000192      0x239 obj/DMA_Conf.o
 .debug_info    0x000003cb       0x3d obj/Event.o